#
# A fatal error has been detected by the Java Runtime Environment:
#
#  Internal Error (generateOopMap.cpp:2159), pid=15932, tid=19048
#  fatal error: Illegal class file encountered. Try running with -Xverify:all in method toProperty
#
# JRE version: OpenJDK Runtime Environment (17.0.2+8) (build 17.0.2+8-86)
# Java VM: OpenJDK 64-Bit Server VM (17.0.2+8-86, mixed mode, sharing, tiered, compressed oops, compressed class ptrs, g1 gc, windows-amd64)
# No core dump will be written. Minidumps are not enabled by default on client versions of Windows
#
# If you would like to submit a bug report, please visit:
#   https://bugreport.java.com/bugreport/crash.jsp
#

---------------  S U M M A R Y ------------

Command Line: -XX:+ShowCodeDetailsInExceptionMessages -agentlib:jdwp=transport=dt_socket,suspend=y,address=localhost:59037 -Dmaven.home=EMBEDDED -Dclassworlds.conf=C:\janne\workspace\.metadata\.plugins\org.eclipse.m2e.launching\launches\m2conf4694565190385829857.tmp -Dm2e.workspace.state=C:\janne\workspace\.metadata\.plugins\org.eclipse.m2e.core\workspacestate.properties -Dmaven.multiModuleProjectDirectory=C:\git\hakunapi\webapp-javax -Dfeatures.hakuna.config.path=C:/janne/hakuna/fgb.properties -javaagent:C:\eclipse\configuration\org.eclipse.osgi\418\0\.cp\lib\javaagent-shaded.jar -Dfile.encoding=Cp1252 org.codehaus.plexus.classworlds.launcher.Launcher -B -U -Dmaven.test.skip=true -DskipTests -s C:\janne\m2\settings.xml clean tomcat7:run

Host: 11th Gen Intel(R) Core(TM) i7-1165G7 @ 2.80GHz, 8 cores, 15G,  Windows 11 , 64 bit Build 26100 (10.0.26100.5074)
Time: Fri Oct  3 22:53:48 2025 Suomen kesäaika elapsed time: 32.322995 seconds (0d 0h 0m 32s)

---------------  T H R E A D  ---------------

Current thread (0x000001fb7eea5660):  VMThread "VM Thread" [stack: 0x000000ec3c700000,0x000000ec3c800000] [id=19048]

Stack: [0x000000ec3c700000,0x000000ec3c800000]
Native frames: (J=compiled Java code, j=interpreted, Vv=VM code, C=native code)
V  [jvm.dll+0x670baa]
V  [jvm.dll+0x7cfcb4]
V  [jvm.dll+0x7d145e]
V  [jvm.dll+0x24291f]
V  [jvm.dll+0x3363e4]
V  [jvm.dll+0x33611c]
V  [jvm.dll+0x333a24]
V  [jvm.dll+0x334e2e]
V  [jvm.dll+0x33249f]
V  [jvm.dll+0x3316a7]
V  [jvm.dll+0x65f2ca]
V  [jvm.dll+0x65efe3]
V  [jvm.dll+0x6249d8]
V  [jvm.dll+0x7c6f65]
V  [jvm.dll+0x5224e6]
V  [jvm.dll+0x7d5f9b]
V  [jvm.dll+0x7d6cd4]
V  [jvm.dll+0x7d71ec]
V  [jvm.dll+0x7d75c4]
V  [jvm.dll+0x7d7690]
V  [jvm.dll+0x77ff7a]
V  [jvm.dll+0x66fa35]
C  [ucrtbase.dll+0x37b0]
C  [KERNEL32.DLL+0x2e8d7]
C  [ntdll.dll+0x8d9c]

VM_Operation (0x000000ec3d2ff5a0): get/set locals, mode: safepoint, requested by thread 0x000001fb7fa03680


---------------  P R O C E S S  ---------------

Threads class SMR info:
_java_thread_list=0x000001fb7f8582e0, length=30, elements={
0x000001fb6f222ec0, 0x000001fb7eea80d0, 0x000001fb7eea9ba0, 0x000001fb7f8027b0,
0x000001fb7f805180, 0x000001fb7f806050, 0x000001fb7f807120, 0x000001fb7f80d6e0,
0x000001fb7f81f0b0, 0x000001fb7f8279c0, 0x000001fb7ee97170, 0x000001fb7fa03680,
0x000001fb7fa0ed30, 0x000001fb7fa10650, 0x000001fb7faf6d00, 0x000001fb139d5e20,
0x000001fb135a7210, 0x000001fb135a9890, 0x000001fb135a76e0, 0x000001fb135a8080,
0x000001fb135a6d40, 0x000001fb135a93c0, 0x000001fb135a8ef0, 0x000001fb135a7bb0,
0x000001fb135a9d60, 0x000001fb135a8a20, 0x000001fb135a8550, 0x000001fb135ae0c0,
0x000001fb135aabd0, 0x000001fb135ad720
}

Java Threads: ( => current thread )
  0x000001fb6f222ec0 JavaThread "main" [_thread_blocked, id=12948, stack(0x000000ec3c100000,0x000000ec3c200000)]
  0x000001fb7eea80d0 JavaThread "Reference Handler" daemon [_thread_blocked, id=13664, stack(0x000000ec3c800000,0x000000ec3c900000)]
  0x000001fb7eea9ba0 JavaThread "Finalizer" daemon [_thread_blocked, id=18248, stack(0x000000ec3c900000,0x000000ec3ca00000)]
  0x000001fb7f8027b0 JavaThread "Signal Dispatcher" daemon [_thread_blocked, id=25568, stack(0x000000ec3ca00000,0x000000ec3cb00000)]
  0x000001fb7f805180 JavaThread "Attach Listener" daemon [_thread_blocked, id=27560, stack(0x000000ec3cb00000,0x000000ec3cc00000)]
  0x000001fb7f806050 JavaThread "Service Thread" daemon [_thread_blocked, id=12028, stack(0x000000ec3cc00000,0x000000ec3cd00000)]
  0x000001fb7f807120 JavaThread "Monitor Deflation Thread" daemon [_thread_blocked, id=17756, stack(0x000000ec3cd00000,0x000000ec3ce00000)]
  0x000001fb7f80d6e0 JavaThread "C2 CompilerThread0" daemon [_thread_blocked, id=412, stack(0x000000ec3ce00000,0x000000ec3cf00000)]
  0x000001fb7f81f0b0 JavaThread "C1 CompilerThread0" daemon [_thread_blocked, id=4656, stack(0x000000ec3cf00000,0x000000ec3d000000)]
  0x000001fb7f8279c0 JavaThread "Sweeper thread" daemon [_thread_blocked, id=4556, stack(0x000000ec3d000000,0x000000ec3d100000)]
  0x000001fb7ee97170 JavaThread "Common-Cleaner" daemon [_thread_blocked, id=7956, stack(0x000000ec3d100000,0x000000ec3d200000)]
  0x000001fb7fa03680 JavaThread "JDWP Transport Listener: dt_socket" daemon [_thread_blocked, id=28280, stack(0x000000ec3d200000,0x000000ec3d300000)]
  0x000001fb7fa0ed30 JavaThread "JDWP Event Helper Thread" daemon [_thread_blocked, id=22784, stack(0x000000ec3d300000,0x000000ec3d400000)]
  0x000001fb7fa10650 JavaThread "JDWP Command Reader" daemon [_thread_in_native, id=4716, stack(0x000000ec3d400000,0x000000ec3d500000)]
  0x000001fb7faf6d00 JavaThread "Notification Thread" daemon [_thread_blocked, id=4184, stack(0x000000ec3d500000,0x000000ec3d600000)]
  0x000001fb139d5e20 JavaThread "OkHttp repo.maven.apache.org" daemon [_thread_in_native, id=29652, stack(0x000000ec3e500000,0x000000ec3e600000)]
  0x000001fb135a7210 JavaThread "OkHttp ConnectionPool" daemon [_thread_blocked, id=22360, stack(0x000000ec3e600000,0x000000ec3e700000)]
  0x000001fb135a9890 JavaThread "Okio Watchdog" daemon [_thread_blocked, id=27696, stack(0x000000ec3e700000,0x000000ec3e800000)]
  0x000001fb135a76e0 JavaThread "OkHttp repo.osgeo.org" daemon [_thread_in_native, id=17664, stack(0x000000ec3df00000,0x000000ec3e000000)]
  0x000001fb135a8080 JavaThread "OkHttp repo.osgeo.org" daemon [_thread_in_native, id=14156, stack(0x000000ec3e800000,0x000000ec3e900000)]
  0x000001fb135a6d40 JavaThread "OkHttp ConnectionPool" daemon [_thread_blocked, id=15664, stack(0x000000ec3e900000,0x000000ec3ea00000)]
  0x000001fb135a93c0 JavaThread "OkHttp ConnectionPool" daemon [_thread_blocked, id=26800, stack(0x000000ec3ea00000,0x000000ec3eb00000)]
  0x000001fb135a8ef0 JavaThread "OkHttp repo.maven.apache.org Writer" [_thread_blocked, id=15804, stack(0x000000ec3eb00000,0x000000ec3ec00000)]
  0x000001fb135a7bb0 JavaThread "OkHttp Http2Connection" daemon [_thread_blocked, id=9520, stack(0x000000ec3ec00000,0x000000ec3ed00000)]
  0x000001fb135a9d60 JavaThread "OkHttp repo.osgeo.org Writer" [_thread_blocked, id=17952, stack(0x000000ec3ed00000,0x000000ec3ee00000)]
  0x000001fb135a8a20 JavaThread "OkHttp repo.osgeo.org Writer" [_thread_blocked, id=6292, stack(0x000000ec3ee00000,0x000000ec3ef00000)]
  0x000001fb135a8550 JavaThread "OkHttp Http2Connection" daemon [_thread_blocked, id=9816, stack(0x000000ec3ef00000,0x000000ec3f000000)]
  0x000001fb135ae0c0 JavaThread "Tomcat-startStop-1" daemon [_thread_blocked, id=28080, stack(0x000000ec3e200000,0x000000ec3e300000)]
  0x000001fb135aabd0 JavaThread "localhost-startStop-1" daemon [_thread_blocked, id=6968, stack(0x000000ec3e300000,0x000000ec3e400000)]
  0x000001fb135ad720 JavaThread "Thread-5" daemon [_thread_in_native, id=17808, stack(0x000000ec3f000000,0x000000ec3f100000)]

Other Threads:
=>0x000001fb7eea5660 VMThread "VM Thread" [stack: 0x000000ec3c700000,0x000000ec3c800000] [id=19048]
  0x000001fb7fb94d00 WatcherThread [stack: 0x000000ec3d600000,0x000000ec3d700000] [id=6628]
  0x000001fb6f271ef0 GCTaskThread "GC Thread#0" [stack: 0x000000ec3c200000,0x000000ec3c300000] [id=24528]
  0x000001fb136d8c80 GCTaskThread "GC Thread#1" [stack: 0x000000ec3d800000,0x000000ec3d900000] [id=14124]
  0x000001fb136932b0 GCTaskThread "GC Thread#2" [stack: 0x000000ec3d900000,0x000000ec3da00000] [id=12296]
  0x000001fb13693560 GCTaskThread "GC Thread#3" [stack: 0x000000ec3da00000,0x000000ec3db00000] [id=23844]
  0x000001fb13693810 GCTaskThread "GC Thread#4" [stack: 0x000000ec3db00000,0x000000ec3dc00000] [id=15560]
  0x000001fb13693ac0 GCTaskThread "GC Thread#5" [stack: 0x000000ec3dc00000,0x000000ec3dd00000] [id=16696]
  0x000001fb13676a70 GCTaskThread "GC Thread#6" [stack: 0x000000ec3dd00000,0x000000ec3de00000] [id=16144]
  0x000001fb1365ca80 GCTaskThread "GC Thread#7" [stack: 0x000000ec3de00000,0x000000ec3df00000] [id=18436]
  0x000001fb6f2838e0 ConcurrentGCThread "G1 Main Marker" [stack: 0x000000ec3c300000,0x000000ec3c400000] [id=1152]
  0x000001fb6f284200 ConcurrentGCThread "G1 Conc#0" [stack: 0x000000ec3c400000,0x000000ec3c500000] [id=13460]
  0x000001fb14304e70 ConcurrentGCThread "G1 Conc#1" [stack: 0x000000ec3e000000,0x000000ec3e100000] [id=19256]
  0x000001fb7ed5c130 ConcurrentGCThread "G1 Refine#0" [stack: 0x000000ec3c500000,0x000000ec3c600000] [id=27600]
  0x000001fb7ed5c900 ConcurrentGCThread "G1 Service" [stack: 0x000000ec3c600000,0x000000ec3c700000] [id=27348]

Threads with active compile tasks:

VM state: at safepoint (normal execution)

VM Mutex/Monitor currently owned by a thread:  ([mutex/lock_event])
[0x000001fb6f21df40] Threads_lock - owner thread: 0x000001fb7eea5660

Heap address: 0x0000000704600000, size: 4026 MB, Compressed Oops mode: Zero based, Oop shift amount: 3

CDS archive(s) mapped at: [0x0000000800000000-0x0000000800bc0000-0x0000000800bc0000), size 12320768, SharedBaseAddress: 0x0000000800000000, ArchiveRelocationMode: 0.
Compressed class space mapped at: 0x0000000800c00000-0x0000000840c00000, reserved size: 1073741824
Narrow klass base: 0x0000000800000000, Narrow klass shift: 0, Narrow klass range: 0x100000000

GC Precious Log:
 CPUs: 8 total, 8 available
 Memory: 16103M
 Large Page Support: Disabled
 NUMA Support: Disabled
 Compressed Oops: Enabled (Zero based)
 Heap Region Size: 2M
 Heap Min Capacity: 8M
 Heap Initial Capacity: 252M
 Heap Max Capacity: 4026M
 Pre-touch: Disabled
 Parallel Workers: 8
 Concurrent Workers: 2
 Concurrent Refinement Workers: 8
 Periodic GC: Disabled

Heap:
 garbage-first heap   total 221184K, used 108805K [0x0000000704600000, 0x0000000800000000)
  region size 2048K, 30 young (61440K), 4 survivors (8192K)
 Metaspace       used 50044K, committed 50560K, reserved 1097728K
  class space    used 5475K, committed 5696K, reserved 1048576K

Heap Regions: E=young(eden), S=young(survivor), O=old, HS=humongous(starts), HC=humongous(continues), CS=collection set, F=free, OA=open archive, CA=closed archive, TAMS=top-at-mark-start (previous, next)
|   0|0x0000000704600000, 0x0000000704800000, 0x0000000704800000|100%| O|  |TAMS 0x0000000704800000, 0x0000000704600000| Untracked 
|   1|0x0000000704800000, 0x0000000704a00000, 0x0000000704a00000|100%| O|  |TAMS 0x0000000704800000, 0x0000000704800000| Untracked 
|   2|0x0000000704a00000, 0x0000000704c00000, 0x0000000704c00000|100%| O|  |TAMS 0x0000000704c00000, 0x0000000704a00000| Untracked 
|   3|0x0000000704c00000, 0x0000000704e00000, 0x0000000704e00000|100%| O|  |TAMS 0x0000000704e00000, 0x0000000704c00000| Untracked 
|   4|0x0000000704e00000, 0x0000000705000000, 0x0000000705000000|100%| O|  |TAMS 0x0000000705000000, 0x0000000704e00000| Untracked 
|   5|0x0000000705000000, 0x0000000705200000, 0x0000000705200000|100%|HS|  |TAMS 0x0000000705200000, 0x0000000705000000| Complete 
|   6|0x0000000705200000, 0x0000000705400000, 0x0000000705400000|100%| O|  |TAMS 0x0000000705200000, 0x0000000705200000| Untracked 
|   7|0x0000000705400000, 0x0000000705600000, 0x0000000705600000|100%| O|  |TAMS 0x0000000705400000, 0x0000000705400000| Untracked 
|   8|0x0000000705600000, 0x0000000705800000, 0x0000000705800000|100%| O|  |TAMS 0x0000000705600000, 0x0000000705600000| Untracked 
|   9|0x0000000705800000, 0x0000000705a00000, 0x0000000705a00000|100%| O|  |TAMS 0x0000000705a00000, 0x0000000705800000| Untracked 
|  10|0x0000000705a00000, 0x0000000705c00000, 0x0000000705c00000|100%| O|  |TAMS 0x0000000705c00000, 0x0000000705a00000| Untracked 
|  11|0x0000000705c00000, 0x0000000705e00000, 0x0000000705e00000|100%| O|  |TAMS 0x0000000705c00000, 0x0000000705c00000| Untracked 
|  12|0x0000000705e00000, 0x0000000706000000, 0x0000000706000000|100%| O|  |TAMS 0x0000000706000000, 0x0000000705e00000| Untracked 
|  13|0x0000000706000000, 0x0000000706200000, 0x0000000706200000|100%| O|  |TAMS 0x0000000706000000, 0x0000000706000000| Untracked 
|  14|0x0000000706200000, 0x0000000706400000, 0x0000000706400000|100%| O|  |TAMS 0x0000000706200000, 0x0000000706200000| Untracked 
|  15|0x0000000706400000, 0x0000000706600000, 0x0000000706600000|100%| O|  |TAMS 0x0000000706600000, 0x0000000706400000| Untracked 
|  16|0x0000000706600000, 0x0000000706800000, 0x0000000706800000|100%| O|  |TAMS 0x0000000706800000, 0x0000000706600000| Untracked 
|  17|0x0000000706800000, 0x0000000706a00000, 0x0000000706a00000|100%| O|  |TAMS 0x0000000706a00000, 0x0000000706800000| Untracked 
|  18|0x0000000706a00000, 0x0000000706a06800, 0x0000000706c00000|  1%| O|  |TAMS 0x0000000706a00000, 0x0000000706a00000| Untracked 
|  19|0x0000000706c00000, 0x0000000706c00000, 0x0000000706e00000|  0%| F|  |TAMS 0x0000000706c00000, 0x0000000706c00000| Untracked 
|  20|0x0000000706e00000, 0x0000000707000000, 0x0000000707000000|100%| O|  |TAMS 0x0000000707000000, 0x0000000706e00000| Untracked 
|  21|0x0000000707000000, 0x0000000707200000, 0x0000000707200000|100%| O|  |TAMS 0x0000000707200000, 0x0000000707000000| Untracked 
|  22|0x0000000707200000, 0x0000000707200000, 0x0000000707400000|  0%| F|  |TAMS 0x0000000707200000, 0x0000000707200000| Untracked 
|  23|0x0000000707400000, 0x0000000707400000, 0x0000000707600000|  0%| F|  |TAMS 0x0000000707400000, 0x0000000707400000| Untracked 
|  24|0x0000000707600000, 0x0000000707600000, 0x0000000707800000|  0%| F|  |TAMS 0x0000000707600000, 0x0000000707600000| Untracked 
|  25|0x0000000707800000, 0x0000000707800000, 0x0000000707a00000|  0%| F|  |TAMS 0x0000000707800000, 0x0000000707800000| Untracked 
|  26|0x0000000707a00000, 0x0000000707c00000, 0x0000000707c00000|100%| O|  |TAMS 0x0000000707c00000, 0x0000000707a00000| Untracked 
|  27|0x0000000707c00000, 0x0000000707e00000, 0x0000000707e00000|100%| O|  |TAMS 0x0000000707e00000, 0x0000000707c00000| Untracked 
|  28|0x0000000707e00000, 0x0000000708000000, 0x0000000708000000|100%| O|  |TAMS 0x0000000707e83e00, 0x0000000707e00000| Untracked 
|  29|0x0000000708000000, 0x0000000708000000, 0x0000000708200000|  0%| F|  |TAMS 0x0000000708000000, 0x0000000708000000| Untracked 
|  30|0x0000000708200000, 0x0000000708200000, 0x0000000708400000|  0%| F|  |TAMS 0x0000000708200000, 0x0000000708200000| Untracked 
|  31|0x0000000708400000, 0x0000000708400000, 0x0000000708600000|  0%| F|  |TAMS 0x0000000708400000, 0x0000000708400000| Untracked 
|  32|0x0000000708600000, 0x0000000708600000, 0x0000000708800000|  0%| F|  |TAMS 0x0000000708600000, 0x0000000708600000| Untracked 
|  33|0x0000000708800000, 0x0000000708800000, 0x0000000708a00000|  0%| F|  |TAMS 0x0000000708800000, 0x0000000708800000| Untracked 
|  34|0x0000000708a00000, 0x0000000708a00000, 0x0000000708c00000|  0%| F|  |TAMS 0x0000000708a00000, 0x0000000708a00000| Untracked 
|  35|0x0000000708c00000, 0x0000000708c00000, 0x0000000708e00000|  0%| F|  |TAMS 0x0000000708c00000, 0x0000000708c00000| Untracked 
|  36|0x0000000708e00000, 0x0000000708e00000, 0x0000000709000000|  0%| F|  |TAMS 0x0000000708e00000, 0x0000000708e00000| Untracked 
|  37|0x0000000709000000, 0x0000000709000000, 0x0000000709200000|  0%| F|  |TAMS 0x0000000709000000, 0x0000000709000000| Untracked 
|  38|0x0000000709200000, 0x0000000709200000, 0x0000000709400000|  0%| F|  |TAMS 0x0000000709200000, 0x0000000709200000| Untracked 
|  39|0x0000000709400000, 0x0000000709400000, 0x0000000709600000|  0%| F|  |TAMS 0x0000000709400000, 0x0000000709400000| Untracked 
|  40|0x0000000709600000, 0x0000000709600000, 0x0000000709800000|  0%| F|  |TAMS 0x0000000709600000, 0x0000000709600000| Untracked 
|  41|0x0000000709800000, 0x0000000709800000, 0x0000000709a00000|  0%| F|  |TAMS 0x0000000709800000, 0x0000000709800000| Untracked 
|  42|0x0000000709a00000, 0x0000000709a00000, 0x0000000709c00000|  0%| F|  |TAMS 0x0000000709a00000, 0x0000000709a00000| Untracked 
|  43|0x0000000709c00000, 0x0000000709c3aed8, 0x0000000709e00000| 11%| S|CS|TAMS 0x0000000709c00000, 0x0000000709c00000| Complete 
|  44|0x0000000709e00000, 0x000000070a000000, 0x000000070a000000|100%| S|CS|TAMS 0x0000000709e00000, 0x0000000709e00000| Complete 
|  45|0x000000070a000000, 0x000000070a200000, 0x000000070a200000|100%| S|CS|TAMS 0x000000070a000000, 0x000000070a000000| Complete 
|  46|0x000000070a200000, 0x000000070a200000, 0x000000070a400000|  0%| F|  |TAMS 0x000000070a200000, 0x000000070a200000| Untracked 
|  47|0x000000070a400000, 0x000000070a600000, 0x000000070a600000|100%| S|CS|TAMS 0x000000070a400000, 0x000000070a400000| Complete 
|  48|0x000000070a600000, 0x000000070a600000, 0x000000070a800000|  0%| F|  |TAMS 0x000000070a600000, 0x000000070a600000| Untracked 
|  49|0x000000070a800000, 0x000000070a800000, 0x000000070aa00000|  0%| F|  |TAMS 0x000000070a800000, 0x000000070a800000| Untracked 
|  50|0x000000070aa00000, 0x000000070aa00000, 0x000000070ac00000|  0%| F|  |TAMS 0x000000070aa00000, 0x000000070aa00000| Untracked 
|  51|0x000000070ac00000, 0x000000070ac00000, 0x000000070ae00000|  0%| F|  |TAMS 0x000000070ac00000, 0x000000070ac00000| Untracked 
|  52|0x000000070ae00000, 0x000000070ae00000, 0x000000070b000000|  0%| F|  |TAMS 0x000000070ae00000, 0x000000070ae00000| Untracked 
|  53|0x000000070b000000, 0x000000070b000000, 0x000000070b200000|  0%| F|  |TAMS 0x000000070b000000, 0x000000070b000000| Untracked 
|  54|0x000000070b200000, 0x000000070b200000, 0x000000070b400000|  0%| F|  |TAMS 0x000000070b200000, 0x000000070b200000| Untracked 
|  55|0x000000070b400000, 0x000000070b400000, 0x000000070b600000|  0%| F|  |TAMS 0x000000070b400000, 0x000000070b400000| Untracked 
|  56|0x000000070b600000, 0x000000070b600000, 0x000000070b800000|  0%| F|  |TAMS 0x000000070b600000, 0x000000070b600000| Untracked 
|  57|0x000000070b800000, 0x000000070b800000, 0x000000070ba00000|  0%| F|  |TAMS 0x000000070b800000, 0x000000070b800000| Untracked 
|  58|0x000000070ba00000, 0x000000070ba00000, 0x000000070bc00000|  0%| F|  |TAMS 0x000000070ba00000, 0x000000070ba00000| Untracked 
|  59|0x000000070bc00000, 0x000000070bc00000, 0x000000070be00000|  0%| F|  |TAMS 0x000000070bc00000, 0x000000070bc00000| Untracked 
|  60|0x000000070be00000, 0x000000070be00000, 0x000000070c000000|  0%| F|  |TAMS 0x000000070be00000, 0x000000070be00000| Untracked 
|  61|0x000000070c000000, 0x000000070c000000, 0x000000070c200000|  0%| F|  |TAMS 0x000000070c000000, 0x000000070c000000| Untracked 
|  62|0x000000070c200000, 0x000000070c200000, 0x000000070c400000|  0%| F|  |TAMS 0x000000070c200000, 0x000000070c200000| Untracked 
|  63|0x000000070c400000, 0x000000070c400000, 0x000000070c600000|  0%| F|  |TAMS 0x000000070c400000, 0x000000070c400000| Untracked 
|  64|0x000000070c600000, 0x000000070c600000, 0x000000070c800000|  0%| F|  |TAMS 0x000000070c600000, 0x000000070c600000| Untracked 
|  65|0x000000070c800000, 0x000000070c800000, 0x000000070ca00000|  0%| F|  |TAMS 0x000000070c800000, 0x000000070c800000| Untracked 
|  66|0x000000070ca00000, 0x000000070ca00000, 0x000000070cc00000|  0%| F|  |TAMS 0x000000070ca00000, 0x000000070ca00000| Untracked 
|  67|0x000000070cc00000, 0x000000070cc00000, 0x000000070ce00000|  0%| F|  |TAMS 0x000000070cc00000, 0x000000070cc00000| Untracked 
|  68|0x000000070ce00000, 0x000000070ce00000, 0x000000070d000000|  0%| F|  |TAMS 0x000000070ce00000, 0x000000070ce00000| Untracked 
|  69|0x000000070d000000, 0x000000070d000000, 0x000000070d200000|  0%| F|  |TAMS 0x000000070d000000, 0x000000070d000000| Untracked 
|  70|0x000000070d200000, 0x000000070d200000, 0x000000070d400000|  0%| F|  |TAMS 0x000000070d200000, 0x000000070d200000| Untracked 
|  71|0x000000070d400000, 0x000000070d400000, 0x000000070d600000|  0%| F|  |TAMS 0x000000070d400000, 0x000000070d400000| Untracked 
|  72|0x000000070d600000, 0x000000070d600000, 0x000000070d800000|  0%| F|  |TAMS 0x000000070d600000, 0x000000070d600000| Untracked 
|  73|0x000000070d800000, 0x000000070d800000, 0x000000070da00000|  0%| F|  |TAMS 0x000000070d800000, 0x000000070d800000| Untracked 
|  74|0x000000070da00000, 0x000000070da00000, 0x000000070dc00000|  0%| F|  |TAMS 0x000000070da00000, 0x000000070da00000| Untracked 
|  75|0x000000070dc00000, 0x000000070dc00000, 0x000000070de00000|  0%| F|  |TAMS 0x000000070dc00000, 0x000000070dc00000| Untracked 
|  76|0x000000070de00000, 0x000000070de00000, 0x000000070e000000|  0%| F|  |TAMS 0x000000070de00000, 0x000000070de00000| Untracked 
|  77|0x000000070e000000, 0x000000070e000000, 0x000000070e200000|  0%| F|  |TAMS 0x000000070e000000, 0x000000070e000000| Untracked 
|  78|0x000000070e200000, 0x000000070e200000, 0x000000070e400000|  0%| F|  |TAMS 0x000000070e200000, 0x000000070e200000| Untracked 
|  79|0x000000070e400000, 0x000000070e400000, 0x000000070e600000|  0%| F|  |TAMS 0x000000070e400000, 0x000000070e400000| Untracked 
|  80|0x000000070e600000, 0x000000070e800000, 0x000000070e800000|100%| E|  |TAMS 0x000000070e600000, 0x000000070e600000| Complete 
|  81|0x000000070e800000, 0x000000070ea00000, 0x000000070ea00000|100%| E|CS|TAMS 0x000000070e800000, 0x000000070e800000| Complete 
|  82|0x000000070ea00000, 0x000000070ec00000, 0x000000070ec00000|100%| E|CS|TAMS 0x000000070ea00000, 0x000000070ea00000| Complete 
|  83|0x000000070ec00000, 0x000000070ee00000, 0x000000070ee00000|100%| E|CS|TAMS 0x000000070ec00000, 0x000000070ec00000| Complete 
|  84|0x000000070ee00000, 0x000000070f000000, 0x000000070f000000|100%| E|CS|TAMS 0x000000070ee00000, 0x000000070ee00000| Complete 
|  85|0x000000070f000000, 0x000000070f200000, 0x000000070f200000|100%| E|CS|TAMS 0x000000070f000000, 0x000000070f000000| Complete 
|  86|0x000000070f200000, 0x000000070f400000, 0x000000070f400000|100%| E|CS|TAMS 0x000000070f200000, 0x000000070f200000| Complete 
|  87|0x000000070f400000, 0x000000070f600000, 0x000000070f600000|100%| E|CS|TAMS 0x000000070f400000, 0x000000070f400000| Complete 
|  88|0x000000070f600000, 0x000000070f800000, 0x000000070f800000|100%| E|CS|TAMS 0x000000070f600000, 0x000000070f600000| Complete 
|  89|0x000000070f800000, 0x000000070fa00000, 0x000000070fa00000|100%| E|CS|TAMS 0x000000070f800000, 0x000000070f800000| Complete 
|  90|0x000000070fa00000, 0x000000070fc00000, 0x000000070fc00000|100%| E|CS|TAMS 0x000000070fa00000, 0x000000070fa00000| Complete 
|  91|0x000000070fc00000, 0x000000070fe00000, 0x000000070fe00000|100%| E|CS|TAMS 0x000000070fc00000, 0x000000070fc00000| Complete 
|  92|0x000000070fe00000, 0x0000000710000000, 0x0000000710000000|100%| E|CS|TAMS 0x000000070fe00000, 0x000000070fe00000| Complete 
|  93|0x0000000710000000, 0x0000000710200000, 0x0000000710200000|100%| E|CS|TAMS 0x0000000710000000, 0x0000000710000000| Complete 
|  94|0x0000000710200000, 0x0000000710400000, 0x0000000710400000|100%| E|CS|TAMS 0x0000000710200000, 0x0000000710200000| Complete 
|  95|0x0000000710400000, 0x0000000710600000, 0x0000000710600000|100%| E|CS|TAMS 0x0000000710400000, 0x0000000710400000| Complete 
|  96|0x0000000710600000, 0x0000000710800000, 0x0000000710800000|100%| E|CS|TAMS 0x0000000710600000, 0x0000000710600000| Complete 
|  97|0x0000000710800000, 0x0000000710a00000, 0x0000000710a00000|100%| E|CS|TAMS 0x0000000710800000, 0x0000000710800000| Complete 
|  98|0x0000000710a00000, 0x0000000710c00000, 0x0000000710c00000|100%| E|CS|TAMS 0x0000000710a00000, 0x0000000710a00000| Complete 
|  99|0x0000000710c00000, 0x0000000710e00000, 0x0000000710e00000|100%| E|CS|TAMS 0x0000000710c00000, 0x0000000710c00000| Complete 
| 100|0x0000000710e00000, 0x0000000711000000, 0x0000000711000000|100%| E|CS|TAMS 0x0000000710e00000, 0x0000000710e00000| Complete 
| 101|0x0000000711000000, 0x0000000711200000, 0x0000000711200000|100%| E|CS|TAMS 0x0000000711000000, 0x0000000711000000| Complete 
| 102|0x0000000711200000, 0x0000000711400000, 0x0000000711400000|100%| E|CS|TAMS 0x0000000711200000, 0x0000000711200000| Complete 
| 103|0x0000000711400000, 0x0000000711600000, 0x0000000711600000|100%| E|CS|TAMS 0x0000000711400000, 0x0000000711400000| Complete 
| 104|0x0000000711600000, 0x0000000711800000, 0x0000000711800000|100%| E|CS|TAMS 0x0000000711600000, 0x0000000711600000| Complete 
| 125|0x0000000714000000, 0x0000000714200000, 0x0000000714200000|100%| E|CS|TAMS 0x0000000714000000, 0x0000000714000000| Complete 
|2011|0x00000007ffc00000, 0x00000007ffe00000, 0x00000007ffe00000|100%| O|  |TAMS 0x00000007ffe00000, 0x00000007ffc00000| Untracked 
|2012|0x00000007ffe00000, 0x0000000800000000, 0x0000000800000000|100%| O|  |TAMS 0x0000000800000000, 0x00000007ffe00000| Untracked 

Card table byte_map: [0x000001fb77580000,0x000001fb77d60000] _byte_map_base: 0x000001fb73d5d000

Marking Bits (Prev, Next): (CMBitMap*) 0x000001fb6f273460, (CMBitMap*) 0x000001fb6f273420
 Prev Bits: [0x000001fb0f000000, 0x000001fb12ee8000)
 Next Bits: [0x000001fb78540000, 0x000001fb7c428000)

Polling page: 0x000001fb6e9f0000

Metaspace:

Usage:
  Non-class:     43.52 MB used.
      Class:      5.35 MB used.
       Both:     48.87 MB used.

Virtual space:
  Non-class space:       48.00 MB reserved,      43.81 MB ( 91%) committed,  6 nodes.
      Class space:        1.00 GB reserved,       5.56 MB ( <1%) committed,  1 nodes.
             Both:        1.05 GB reserved,      49.38 MB (  5%) committed. 

Chunk freelists:
   Non-Class:  3.72 MB
       Class:  2.45 MB
        Both:  6.17 MB

MaxMetaspaceSize: unlimited
CompressedClassSpaceSize: 1.00 GB
Initial GC threshold: 21.00 MB
Current GC threshold: 69.00 MB
CDS: on
MetaspaceReclaimPolicy: balanced
 - commit_granule_bytes: 65536.
 - commit_granule_words: 8192.
 - virtual_space_node_default_size: 1048576.
 - enlarge_chunks_in_place: 1.
 - new_chunks_are_fully_committed: 0.
 - uncommit_free_chunks: 1.
 - use_allocation_guard: 0.
 - handle_deallocations: 1.


Internal statistics:

num_allocs_failed_limit: 6.
num_arena_births: 422.
num_arena_deaths: 2.
num_vsnodes_births: 7.
num_vsnodes_deaths: 0.
num_space_committed: 790.
num_space_uncommitted: 0.
num_chunks_returned_to_freelist: 9.
num_chunks_taken_from_freelist: 2021.
num_chunk_merges: 6.
num_chunk_splits: 1392.
num_chunks_enlarged: 1041.
num_purges: 2.
num_inconsistent_stats: 0.

CodeHeap 'non-profiled nmethods': size=120000Kb used=8303Kb max_used=8303Kb free=111697Kb
 bounds [0x000001fb07ad0000, 0x000001fb082f0000, 0x000001fb0f000000]
CodeHeap 'profiled nmethods': size=120000Kb used=19387Kb max_used=20007Kb free=100613Kb
 bounds [0x000001fb005a0000, 0x000001fb01970000, 0x000001fb07ad0000]
CodeHeap 'non-nmethods': size=5760Kb used=1385Kb max_used=1462Kb free=4374Kb
 bounds [0x000001fb00000000, 0x000001fb00270000, 0x000001fb005a0000]
 total_blobs=9099 nmethods=8474 adapters=537
 compilation: enabled
              stopped_count=0, restarted_count=0
 full_count=0

Compilation events (20 events):
Event: 17.436 Thread 0x000001fb7f81f0b0 10504       3       java.lang.invoke.Invokers::callSiteForm (308 bytes)
Event: 17.437 Thread 0x000001fb7f81f0b0 nmethod 10504 0x000001fb0075a690 code [0x000001fb0075a9c0, 0x000001fb0075c108]
Event: 17.453 Thread 0x000001fb7f81f0b0 10505       3       java.lang.invoke.MethodHandles$Lookup::findConstructor (61 bytes)
Event: 17.454 Thread 0x000001fb7f81f0b0 nmethod 10505 0x000001fb00f54790 code [0x000001fb00f54a00, 0x000001fb00f55238]
Event: 17.454 Thread 0x000001fb7f81f0b0 10506       3       java.lang.invoke.MethodHandles$Lookup::getDirectConstructor (10 bytes)
Event: 17.454 Thread 0x000001fb7f81f0b0 nmethod 10506 0x000001fb0132ed90 code [0x000001fb0132ef20, 0x000001fb0132f088]
Event: 17.456 Thread 0x000001fb7f81f0b0 10507       1       java.util.stream.IntPipeline$StatelessOp::opIsStateful (2 bytes)
Event: 17.456 Thread 0x000001fb7f81f0b0 nmethod 10507 0x000001fb07d26110 code [0x000001fb07d262a0, 0x000001fb07d26378]
Event: 17.465 Thread 0x000001fb180483e0 10508   !   4       java.lang.ClassLoader::addClass (27 bytes)
Event: 17.470 Thread 0x000001fb7f81f0b0 10509       3       jdk.internal.misc.Unsafe::getIntUnaligned (12 bytes)
Event: 17.470 Thread 0x000001fb7f81f0b0 nmethod 10509 0x000001fb010f2b90 code [0x000001fb010f2d40, 0x000001fb010f2f98]
Event: 17.470 Thread 0x000001fb7f81f0b0 10510       3       java.nio.Buffer::checkIndex (24 bytes)
Event: 17.470 Thread 0x000001fb7f81f0b0 nmethod 10510 0x000001fb01862410 code [0x000001fb018625c0, 0x000001fb01862828]
Event: 17.470 Thread 0x000001fb7f81f0b0 10511   !   3       java.nio.DirectByteBuffer::getInt (28 bytes)
Event: 17.471 Thread 0x000001fb7f81f0b0 nmethod 10511 0x000001fb00870f90 code [0x000001fb00871180, 0x000001fb008715e8]
Event: 17.471 Thread 0x000001fb7f81f0b0 10512   !   3       java.nio.DirectByteBuffer::getInt (36 bytes)
Event: 17.471 Thread 0x000001fb7f81f0b0 nmethod 10512 0x000001fb008e3f90 code [0x000001fb008e41e0, 0x000001fb008e4b78]
Event: 17.473 Thread 0x000001fb180483e0 nmethod 10508 0x000001fb07d24e90 code [0x000001fb07d25040, 0x000001fb07d25c38]
Event: 17.604 Thread 0x000001fb18049d30 nmethod 10418% 0x000001fb082c8810 code [0x000001fb082c8f20, 0x000001fb082d5718]
Event: 17.618 Thread 0x000001fb7f80d6e0 nmethod 10493 0x000001fb082df210 code [0x000001fb082df8c0, 0x000001fb082ea1b8]

GC Heap History (20 events):
Event: 13.855 GC heap before
{Heap before GC invocations=23 (full 0):
 garbage-first heap   total 143360K, used 105895K [0x0000000704600000, 0x0000000800000000)
  region size 2048K, 30 young (61440K), 1 survivors (2048K)
 Metaspace       used 41991K, committed 42432K, reserved 1089536K
  class space    used 4531K, committed 4736K, reserved 1048576K
}
Event: 13.857 GC heap after
{Heap after GC invocations=24 (full 0):
 garbage-first heap   total 143360K, used 50784K [0x0000000704600000, 0x0000000800000000)
  region size 2048K, 3 young (6144K), 3 survivors (6144K)
 Metaspace       used 41991K, committed 42432K, reserved 1089536K
  class space    used 4531K, committed 4736K, reserved 1048576K
}
Event: 14.083 GC heap before
{Heap before GC invocations=24 (full 0):
 garbage-first heap   total 143360K, used 108128K [0x0000000704600000, 0x0000000800000000)
  region size 2048K, 31 young (63488K), 3 survivors (6144K)
 Metaspace       used 41995K, committed 42432K, reserved 1089536K
  class space    used 4531K, committed 4736K, reserved 1048576K
}
Event: 14.085 GC heap after
{Heap after GC invocations=25 (full 0):
 garbage-first heap   total 143360K, used 52128K [0x0000000704600000, 0x0000000800000000)
  region size 2048K, 3 young (6144K), 3 survivors (6144K)
 Metaspace       used 41995K, committed 42432K, reserved 1089536K
  class space    used 4531K, committed 4736K, reserved 1048576K
}
Event: 14.374 GC heap before
{Heap before GC invocations=25 (full 0):
 garbage-first heap   total 143360K, used 109472K [0x0000000704600000, 0x0000000800000000)
  region size 2048K, 31 young (63488K), 3 survivors (6144K)
 Metaspace       used 42050K, committed 42496K, reserved 1089536K
  class space    used 4532K, committed 4736K, reserved 1048576K
}
Event: 14.377 GC heap after
{Heap after GC invocations=26 (full 0):
 garbage-first heap   total 143360K, used 52956K [0x0000000704600000, 0x0000000800000000)
  region size 2048K, 3 young (6144K), 3 survivors (6144K)
 Metaspace       used 42050K, committed 42496K, reserved 1089536K
  class space    used 4532K, committed 4736K, reserved 1048576K
}
Event: 14.607 GC heap before
{Heap before GC invocations=26 (full 0):
 garbage-first heap   total 143360K, used 112348K [0x0000000704600000, 0x0000000800000000)
  region size 2048K, 32 young (65536K), 3 survivors (6144K)
 Metaspace       used 42052K, committed 42496K, reserved 1089536K
  class space    used 4532K, committed 4736K, reserved 1048576K
}
Event: 14.610 GC heap after
{Heap after GC invocations=27 (full 0):
 garbage-first heap   total 143360K, used 53766K [0x0000000704600000, 0x0000000800000000)
  region size 2048K, 3 young (6144K), 3 survivors (6144K)
 Metaspace       used 42052K, committed 42496K, reserved 1089536K
  class space    used 4532K, committed 4736K, reserved 1048576K
}
Event: 14.841 GC heap before
{Heap before GC invocations=27 (full 0):
 garbage-first heap   total 143360K, used 113158K [0x0000000704600000, 0x0000000800000000)
  region size 2048K, 32 young (65536K), 3 survivors (6144K)
 Metaspace       used 42061K, committed 42496K, reserved 1089536K
  class space    used 4532K, committed 4736K, reserved 1048576K
}
Event: 14.844 GC heap after
{Heap after GC invocations=28 (full 0):
 garbage-first heap   total 221184K, used 55163K [0x0000000704600000, 0x0000000800000000)
  region size 2048K, 3 young (6144K), 3 survivors (6144K)
 Metaspace       used 42061K, committed 42496K, reserved 1089536K
  class space    used 4532K, committed 4736K, reserved 1048576K
}
Event: 15.320 GC heap before
{Heap before GC invocations=28 (full 0):
 garbage-first heap   total 221184K, used 175995K [0x0000000704600000, 0x0000000800000000)
  region size 2048K, 62 young (126976K), 3 survivors (6144K)
 Metaspace       used 42148K, committed 42560K, reserved 1089536K
  class space    used 4538K, committed 4736K, reserved 1048576K
}
Event: 15.323 GC heap after
{Heap after GC invocations=29 (full 0):
 garbage-first heap   total 221184K, used 55960K [0x0000000704600000, 0x0000000800000000)
  region size 2048K, 4 young (8192K), 4 survivors (8192K)
 Metaspace       used 42148K, committed 42560K, reserved 1089536K
  class space    used 4538K, committed 4736K, reserved 1048576K
}
Event: 15.760 GC heap before
{Heap before GC invocations=29 (full 0):
 garbage-first heap   total 221184K, used 174744K [0x0000000704600000, 0x0000000800000000)
  region size 2048K, 62 young (126976K), 4 survivors (8192K)
 Metaspace       used 42151K, committed 42560K, reserved 1089536K
  class space    used 4538K, committed 4736K, reserved 1048576K
}
Event: 15.763 GC heap after
{Heap after GC invocations=30 (full 0):
 garbage-first heap   total 221184K, used 57398K [0x0000000704600000, 0x0000000800000000)
  region size 2048K, 4 young (8192K), 4 survivors (8192K)
 Metaspace       used 42151K, committed 42560K, reserved 1089536K
  class space    used 4538K, committed 4736K, reserved 1048576K
}
Event: 16.129 GC heap before
{Heap before GC invocations=30 (full 0):
 garbage-first heap   total 221184K, used 178230K [0x0000000704600000, 0x0000000800000000)
  region size 2048K, 63 young (129024K), 4 survivors (8192K)
 Metaspace       used 42166K, committed 42560K, reserved 1089536K
  class space    used 4538K, committed 4736K, reserved 1048576K
}
Event: 16.133 GC heap after
{Heap after GC invocations=31 (full 0):
 garbage-first heap   total 221184K, used 58311K [0x0000000704600000, 0x0000000800000000)
  region size 2048K, 5 young (10240K), 5 survivors (10240K)
 Metaspace       used 42166K, committed 42560K, reserved 1089536K
  class space    used 4538K, committed 4736K, reserved 1048576K
}
Event: 16.472 GC heap before
{Heap before GC invocations=31 (full 0):
 garbage-first heap   total 221184K, used 179143K [0x0000000704600000, 0x0000000800000000)
  region size 2048K, 64 young (131072K), 5 survivors (10240K)
 Metaspace       used 42244K, committed 42624K, reserved 1089536K
  class space    used 4541K, committed 4736K, reserved 1048576K
}
Event: 16.476 GC heap after
{Heap after GC invocations=32 (full 0):
 garbage-first heap   total 221184K, used 60958K [0x0000000704600000, 0x0000000800000000)
  region size 2048K, 6 young (12288K), 6 survivors (12288K)
 Metaspace       used 42244K, committed 42624K, reserved 1089536K
  class space    used 4541K, committed 4736K, reserved 1048576K
}
Event: 17.102 GC heap before
{Heap before GC invocations=32 (full 0):
 garbage-first heap   total 221184K, used 179742K [0x0000000704600000, 0x0000000800000000)
  region size 2048K, 64 young (131072K), 6 survivors (12288K)
 Metaspace       used 45825K, committed 46272K, reserved 1097728K
  class space    used 5011K, committed 5184K, reserved 1048576K
}
Event: 17.106 GC heap after
{Heap after GC invocations=33 (full 0):
 garbage-first heap   total 221184K, used 57605K [0x0000000704600000, 0x0000000800000000)
  region size 2048K, 4 young (8192K), 4 survivors (8192K)
 Metaspace       used 45825K, committed 46272K, reserved 1097728K
  class space    used 5011K, committed 5184K, reserved 1048576K
}

Deoptimization events (20 events):
Event: 17.485 Thread 0x000001fb135aabd0 DEOPT PACKING pc=0x000001fb0183fd94 sp=0x000000ec3e3fdda0
Event: 17.485 Thread 0x000001fb135aabd0 DEOPT UNPACKING pc=0x000001fb00056763 sp=0x000000ec3e3fd348 mode 1
Event: 17.485 Thread 0x000001fb135aabd0 DEOPT PACKING pc=0x000001fb014b1c14 sp=0x000000ec3e3fdf40
Event: 17.485 Thread 0x000001fb135aabd0 DEOPT UNPACKING pc=0x000001fb00056763 sp=0x000000ec3e3fd5b8 mode 1
Event: 17.485 Thread 0x000001fb135aabd0 Uncommon trap: trap_request=0xffffff97 fr.pc=0x000001fb07d2b12c relative=0x000000000000010c
Event: 17.485 Thread 0x000001fb135aabd0 Uncommon trap: reason=unhandled action=none pc=0x000001fb07d2b12c method=jdk.internal.loader.BuiltinClassLoader.loadClass(Ljava/lang/String;Z)Ljava/lang/Class; @ 19 c2
Event: 17.485 Thread 0x000001fb135aabd0 DEOPT PACKING pc=0x000001fb07d2b12c sp=0x000000ec3e3fa8f0
Event: 17.485 Thread 0x000001fb135aabd0 DEOPT UNPACKING pc=0x000001fb00055c23 sp=0x000000ec3e3fa810 mode 2
Event: 17.485 Thread 0x000001fb135aabd0 DEOPT PACKING pc=0x000001fb00d692dc sp=0x000000ec3e3fa940
Event: 17.485 Thread 0x000001fb135aabd0 DEOPT UNPACKING pc=0x000001fb00056763 sp=0x000000ec3e3f9de8 mode 1
Event: 17.485 Thread 0x000001fb135aabd0 DEOPT PACKING pc=0x000001fb01633c2c sp=0x000000ec3e3fa990
Event: 17.485 Thread 0x000001fb135aabd0 DEOPT UNPACKING pc=0x000001fb00056763 sp=0x000000ec3e3f9fc0 mode 1
Event: 17.485 Thread 0x000001fb135aabd0 DEOPT PACKING pc=0x000001fb0183fd94 sp=0x000000ec3e3fa720
Event: 17.485 Thread 0x000001fb135aabd0 DEOPT UNPACKING pc=0x000001fb00056763 sp=0x000000ec3e3f9cc8 mode 1
Event: 17.485 Thread 0x000001fb135aabd0 DEOPT PACKING pc=0x000001fb014b1c14 sp=0x000000ec3e3fa8c0
Event: 17.485 Thread 0x000001fb135aabd0 DEOPT UNPACKING pc=0x000001fb00056763 sp=0x000000ec3e3f9f38 mode 1
Event: 32.224 Thread 0x000001fb7fa03680 Uncommon trap: trap_request=0xffffff45 fr.pc=0x000001fb07f6c9cc relative=0x00000000000002ac
Event: 32.224 Thread 0x000001fb7fa03680 Uncommon trap: reason=unstable_if action=reinterpret pc=0x000001fb07f6c9cc method=sun.instrument.InstrumentationImpl.transform(Ljava/lang/Module;Ljava/lang/ClassLoader;Ljava/lang/String;Ljava/lang/Class;Ljava/security/ProtectionDomain;[BZ)[B @ 24 c2
Event: 32.224 Thread 0x000001fb7fa03680 DEOPT PACKING pc=0x000001fb07f6c9cc sp=0x000000ec3d2fe670
Event: 32.224 Thread 0x000001fb7fa03680 DEOPT UNPACKING pc=0x000001fb00055c23 sp=0x000000ec3d2fe6c8 mode 2

Classes unloaded (2 events):
Event: 13.434 Thread 0x000001fb7eea5660 Unloading class 0x0000000800f9ca80 'org/apache/logging/log4j/core/config/plugins/processor/PluginCache'
Event: 13.434 Thread 0x000001fb7eea5660 Unloading class 0x0000000800f9c800 'org/apache/logging/log4j/core/config/plugins/processor/PluginProcessor'

Classes redefined (1 events):
Event: 32.237 Thread 0x000001fb7eea5660 redefined class name=fi.nls.hakunapi.flatgeobuf.FlatgeobufSource, count=1

Internal exceptions (20 events):
Event: 12.766 Thread 0x000001fb6f222ec0 Exception <a 'sun/nio/fs/WindowsException'{0x000000070ceb8908}> (0x000000070ceb8908) 
thrown [t:\workspace\open\src\hotspot\share\prims\jni.cpp, line 516]
Event: 12.788 Thread 0x000001fb6f222ec0 Exception <a 'java/io/FileNotFoundException'{0x000000070a222580}> (0x000000070a222580) 
thrown [t:\workspace\open\src\hotspot\share\prims\jni.cpp, line 516]
Event: 12.932 Thread 0x000001fb6f222ec0 Exception <a 'java/lang/IncompatibleClassChangeError'{0x0000000709791d48}: Found class java.lang.Object, but interface was expected> (0x0000000709791d48) 
thrown [t:\workspace\open\src\hotspot\share\interpreter\linkResolver.cpp, line 833]
Event: 12.964 Thread 0x000001fb6f222ec0 Exception <a 'java/lang/NoSuchMethodError'{0x0000000709545100}: 'void java.lang.invoke.DirectMethodHandle$Holder.invokeStatic(java.lang.Object, java.lang.Object, java.lang.Object)'> (0x0000000709545100) 
thrown [t:\workspace\open\src\hotspot\share\interpreter\linkResolver.cpp, line 766]
Event: 13.095 Thread 0x000001fb6f222ec0 Exception <a 'java/lang/ClassNotFoundException'{0x000000070d662070}: sun/util/logging/resources/spi/loggingProvider> (0x000000070d662070) 
thrown [t:\workspace\open\src\hotspot\share\classfile\systemDictionary.cpp, line 256]
Event: 16.845 Thread 0x000001fb135aabd0 Exception <a 'java/lang/NoSuchMethodError'{0x000000070c8479f8}: 'int java.lang.invoke.DirectMethodHandle$Holder.invokeStatic(java.lang.Object, java.lang.Object, int)'> (0x000000070c8479f8) 
thrown [t:\workspace\open\src\hotspot\share\interpreter\linkResolver.cpp, line 766]
Event: 16.851 Thread 0x000001fb135aabd0 Exception <a 'java/lang/NoSuchMethodError'{0x000000070c8adf28}: 'int java.lang.invoke.DirectMethodHandle$Holder.invokeStatic(java.lang.Object)'> (0x000000070c8adf28) 
thrown [t:\workspace\open\src\hotspot\share\interpreter\linkResolver.cpp, line 766]
Event: 16.852 Thread 0x000001fb135aabd0 Exception <a 'java/lang/NoSuchMethodError'{0x000000070c8b1680}: 'int java.lang.invoke.DirectMethodHandle$Holder.invokeStaticInit(java.lang.Object)'> (0x000000070c8b1680) 
thrown [t:\workspace\open\src\hotspot\share\interpreter\linkResolver.cpp, line 766]
Event: 16.867 Thread 0x000001fb135aabd0 Exception <a 'java/lang/NoSuchMethodError'{0x000000070c67a800}: 'java.lang.Object java.lang.invoke.DirectMethodHandle$Holder.invokeStatic(java.lang.Object, java.lang.Object, int)'> (0x000000070c67a800) 
thrown [t:\workspace\open\src\hotspot\share\interpreter\linkResolver.cpp, line 766]
Event: 16.867 Thread 0x000001fb135aabd0 Exception <a 'java/lang/NoSuchMethodError'{0x000000070c67e8e8}: 'void java.lang.invoke.DirectMethodHandle$Holder.invokeStatic(java.lang.Object, java.lang.Object, int, java.lang.Object)'> (0x000000070c67e8e8) 
thrown [t:\workspace\open\src\hotspot\share\interpreter\linkResolver.cpp, line 766]
Event: 16.867 Thread 0x000001fb135aabd0 Exception <a 'java/lang/NoSuchMethodError'{0x000000070c685ec0}: 'void java.lang.invoke.DelegatingMethodHandle$Holder.delegate(java.lang.Object, java.lang.Object, int, java.lang.Object)'> (0x000000070c685ec0) 
thrown [t:\workspace\open\src\hotspot\share\interpreter\linkResolver.cpp, line 766]
Event: 16.873 Thread 0x000001fb135aabd0 Exception <a 'java/lang/IncompatibleClassChangeError'{0x000000070c7042c8}: Found class java.lang.Object, but interface was expected> (0x000000070c7042c8) 
thrown [t:\workspace\open\src\hotspot\share\interpreter\linkResolver.cpp, line 833]
Event: 16.875 Thread 0x000001fb135aabd0 Exception <a 'java/lang/NoSuchMethodError'{0x000000070c732e00}: 'java.lang.Object java.lang.invoke.DirectMethodHandle$Holder.newInvokeSpecial(java.lang.Object, java.lang.Object, java.lang.Object, int, java.lang.Object)'> (0x000000070c732e00) 
thrown [t:\workspace\open\src\hotspot\share\interpreter\linkResolver.cpp, line 766]
Event: 16.876 Thread 0x000001fb135aabd0 Exception <a 'java/lang/NoSuchMethodError'{0x000000070c73aa78}: 'java.lang.Object java.lang.invoke.Invokers$Holder.linkToTargetMethod(java.lang.Object, java.lang.Object, int, java.lang.Object, java.lang.Object)'> (0x000000070c73aa78) 
thrown [t:\workspace\open\src\hotspot\share\interpreter\linkResolver.cpp, line 766]
Event: 16.926 Thread 0x000001fb135aabd0 Exception <a 'java/lang/NoSuchMethodError'{0x000000070c134ab0}: 'java.lang.Object java.lang.invoke.DirectMethodHandle$Holder.newInvokeSpecial(java.lang.Object, java.lang.Object, java.lang.Object, int, int, java.lang.Object)'> (0x000000070c134ab0) 
thrown [t:\workspace\open\src\hotspot\share\interpreter\linkResolver.cpp, line 766]
Event: 17.079 Thread 0x000001fb135aabd0 Exception <a 'java/lang/NoSuchMethodError'{0x000000070a96bc60}: 'java.lang.Object java.lang.invoke.DirectMethodHandle$Holder.newInvokeSpecial(java.lang.Object, long, int, java.lang.Object)'> (0x000000070a96bc60) 
thrown [t:\workspace\open\src\hotspot\share\interpreter\linkResolver.cpp, line 766]
Event: 17.095 Thread 0x000001fb135aabd0 Exception <a 'java/lang/NoSuchMethodError'{0x000000070a708780}: 'void java.lang.invoke.DirectMethodHandle$Holder.invokeStaticInit(java.lang.Object, java.lang.Object, java.lang.Object, java.lang.Object)'> (0x000000070a708780) 
thrown [t:\workspace\open\src\hotspot\share\interpreter\linkResolver.cpp, line 766]
Event: 17.458 Thread 0x000001fb135aabd0 Exception <a 'java/lang/NoSuchMethodError'{0x000000070eb5d198}: 'java.lang.Object java.lang.invoke.Invokers$Holder.invoke_MT(java.lang.Object, java.lang.Object, java.lang.Object)'> (0x000000070eb5d198) 
thrown [t:\workspace\open\src\hotspot\share\interpreter\linkResolver.cpp, line 766]
Event: 17.479 Thread 0x000001fb135aabd0 Exception <a 'java/lang/NoSuchMethodError'{0x000000070e951050}: 'void java.lang.invoke.DirectMethodHandle$Holder.invokeStaticInit(java.lang.Object, java.lang.Object, int, java.lang.Object)'> (0x000000070e951050) 
thrown [t:\workspace\open\src\hotspot\share\interpreter\linkResolver.cpp, line 766]
Event: 17.484 Thread 0x000001fb135aabd0 Exception <a 'java/lang/NoSuchMethodError'{0x000000070e613e88}: 'void java.lang.invoke.DirectMethodHandle$Holder.invokeStatic(java.lang.Object, java.lang.Object, java.lang.Object, int, java.lang.Object)'> (0x000000070e613e88) 
thrown [t:\workspace\open\src\hotspot\share\interpreter\linkResolver.cpp, line 766]

VM Operations (20 events):
Event: 32.204 Executing VM operation: ChangeSingleStep done
Event: 32.226 Executing VM operation: RedefineClasses
Event: 32.251 Executing VM operation: RedefineClasses done
Event: 32.262 Executing VM operation: ChangeBreakpoints
Event: 32.264 Executing VM operation: ChangeBreakpoints done
Event: 32.266 Executing VM operation: ChangeSingleStep
Event: 32.266 Executing VM operation: ChangeSingleStep done
Event: 32.267 Executing VM operation: get/set locals
Event: 32.267 Executing VM operation: get/set locals done
Event: 32.268 Executing VM operation: ChangeSingleStep
Event: 32.268 Executing VM operation: ChangeSingleStep done
Event: 32.270 Executing VM operation: GetObjectMonitorUsage
Event: 32.270 Executing VM operation: GetObjectMonitorUsage done
Event: 32.270 Executing VM operation: GetObjectMonitorUsage
Event: 32.270 Executing VM operation: GetObjectMonitorUsage done
Event: 32.274 Executing VM operation: GetObjectMonitorUsage
Event: 32.274 Executing VM operation: GetObjectMonitorUsage done
Event: 32.274 Executing VM operation: GetObjectMonitorUsage
Event: 32.274 Executing VM operation: GetObjectMonitorUsage done
Event: 32.321 Executing VM operation: get/set locals

Events (20 events):
Event: 17.457 loading class java/util/stream/ReferencePipeline$4$1
Event: 17.457 loading class java/util/stream/ReferencePipeline$4$1 done
Event: 17.457 loading class java/util/stream/IntPipeline$1$1
Event: 17.457 loading class java/util/stream/IntPipeline$1$1 done
Event: 17.458 loading class java/nio/channels/FileChannel$MapMode
Event: 17.458 loading class java/nio/channels/FileChannel$MapMode done
Event: 17.458 loading class jdk/internal/misc/ExtendedMapMode
Event: 17.458 loading class jdk/internal/misc/ExtendedMapMode done
Event: 17.459 loading class sun/nio/ch/FileChannelImpl$DefaultUnmapper
Event: 17.459 loading class sun/nio/ch/FileChannelImpl$Unmapper
Event: 17.459 loading class jdk/internal/access/foreign/UnmapperProxy
Event: 17.459 loading class jdk/internal/access/foreign/UnmapperProxy done
Event: 17.459 loading class sun/nio/ch/FileChannelImpl$Unmapper done
Event: 17.459 loading class sun/nio/ch/FileChannelImpl$DefaultUnmapper done
Event: 17.459 loading class sun/nio/ch/Util$4
Event: 17.459 loading class sun/nio/ch/Util$4 done
Event: 17.486 loading class java/util/Spliterators$IntArraySpliterator
Event: 17.486 loading class java/util/Spliterators$IntArraySpliterator done
Event: 22.484 Thread 0x000001fb180483e0 Thread exited: 0x000001fb180483e0
Event: 22.608 Thread 0x000001fb18049d30 Thread exited: 0x000001fb18049d30


Dynamic libraries:
0x00007ff7bc7f0000 - 0x00007ff7bc7fe000 	C:\janne\jdk-17.0.2\bin\javaw.exe
0x00007ffd21020000 - 0x00007ffd21289000 	C:\WINDOWS\SYSTEM32\ntdll.dll
0x00007ffd1fc30000 - 0x00007ffd1fcf9000 	C:\WINDOWS\System32\KERNEL32.DLL
0x00007ffd1e800000 - 0x00007ffd1ebf3000 	C:\WINDOWS\System32\KERNELBASE.dll
0x00007ffd1e5d0000 - 0x00007ffd1e71b000 	C:\WINDOWS\System32\ucrtbase.dll
0x00007ffd1a9c0000 - 0x00007ffd1a9d8000 	C:\janne\jdk-17.0.2\bin\jli.dll
0x00007ffd0b5f0000 - 0x00007ffd0b60a000 	C:\janne\jdk-17.0.2\bin\VCRUNTIME140.dll
0x00007ffd20520000 - 0x00007ffd206e4000 	C:\WINDOWS\System32\USER32.dll
0x00007ffd1e720000 - 0x00007ffd1e747000 	C:\WINDOWS\System32\win32u.dll
0x00007ffcec170000 - 0x00007ffcec403000 	C:\WINDOWS\WinSxS\amd64_microsoft.windows.common-controls_6595b64144ccf1df_6.0.26100.5074_none_3e0d6f78e32fd63f\COMCTL32.dll
0x00007ffd1ef10000 - 0x00007ffd1ef3b000 	C:\WINDOWS\System32\GDI32.dll
0x00007ffd1ec00000 - 0x00007ffd1ed2d000 	C:\WINDOWS\System32\gdi32full.dll
0x00007ffd1fb80000 - 0x00007ffd1fc29000 	C:\WINDOWS\System32\msvcrt.dll
0x00007ffd1e750000 - 0x00007ffd1e7f3000 	C:\WINDOWS\System32\msvcp_win.dll
0x00007ffd1fb40000 - 0x00007ffd1fb6f000 	C:\WINDOWS\System32\IMM32.DLL
0x00007ffd1aa30000 - 0x00007ffd1aa3c000 	C:\janne\jdk-17.0.2\bin\vcruntime140_1.dll
0x00007ffd088a0000 - 0x00007ffd0892d000 	C:\janne\jdk-17.0.2\bin\msvcp140.dll
0x00007ffcc7be0000 - 0x00007ffcc87a1000 	C:\janne\jdk-17.0.2\bin\server\jvm.dll
0x00007ffd206f0000 - 0x00007ffd207a4000 	C:\WINDOWS\System32\ADVAPI32.dll
0x00007ffd1ef40000 - 0x00007ffd1efe6000 	C:\WINDOWS\System32\sechost.dll
0x00007ffd1edf0000 - 0x00007ffd1ef08000 	C:\WINDOWS\System32\RPCRT4.dll
0x00007ffd1eff0000 - 0x00007ffd1eff8000 	C:\WINDOWS\System32\PSAPI.DLL
0x00007ffd181c0000 - 0x00007ffd181ca000 	C:\WINDOWS\SYSTEM32\WSOCK32.dll
0x00007ffd14e20000 - 0x00007ffd14e55000 	C:\WINDOWS\SYSTEM32\WINMM.dll
0x00007ffd14d50000 - 0x00007ffd14d5b000 	C:\WINDOWS\SYSTEM32\VERSION.dll
0x00007ffd1f830000 - 0x00007ffd1f8a4000 	C:\WINDOWS\System32\WS2_32.dll
0x00007ffd1ce20000 - 0x00007ffd1ce3b000 	C:\WINDOWS\SYSTEM32\kernel.appcore.dll
0x00007ffd18930000 - 0x00007ffd1893a000 	C:\janne\jdk-17.0.2\bin\jimage.dll
0x00007ffd1b4e0000 - 0x00007ffd1b722000 	C:\WINDOWS\SYSTEM32\DBGHELP.DLL
0x00007ffd1ff00000 - 0x00007ffd2027b000 	C:\WINDOWS\System32\combase.dll
0x00007ffd1f930000 - 0x00007ffd1fa07000 	C:\WINDOWS\System32\OLEAUT32.dll
0x00007ffce2450000 - 0x00007ffce248d000 	C:\WINDOWS\SYSTEM32\dbgcore.DLL
0x00007ffd1e330000 - 0x00007ffd1e3c9000 	C:\WINDOWS\System32\bcryptPrimitives.dll
0x00007ffd09b60000 - 0x00007ffd09b9b000 	C:\janne\jdk-17.0.2\bin\jdwp.dll
0x00007ffd18180000 - 0x00007ffd1818e000 	C:\janne\jdk-17.0.2\bin\instrument.dll
0x00007ffd099f0000 - 0x00007ffd09a15000 	C:\janne\jdk-17.0.2\bin\java.dll
0x00007ffcf13f0000 - 0x00007ffcf14c6000 	C:\janne\jdk-17.0.2\bin\jsvml.dll
0x00007ffd207b0000 - 0x00007ffd20efd000 	C:\WINDOWS\System32\SHELL32.dll
0x00007ffd1e3d0000 - 0x00007ffd1e53c000 	C:\WINDOWS\System32\wintypes.dll
0x00007ffd1ba90000 - 0x00007ffd1c2e9000 	C:\WINDOWS\SYSTEM32\windows.storage.dll
0x00007ffd1fa10000 - 0x00007ffd1fb00000 	C:\WINDOWS\System32\SHCORE.dll
0x00007ffd1f7c0000 - 0x00007ffd1f822000 	C:\WINDOWS\System32\shlwapi.dll
0x00007ffd1e0d0000 - 0x00007ffd1e0f9000 	C:\WINDOWS\SYSTEM32\profapi.dll
0x00007ffd18170000 - 0x00007ffd1817c000 	C:\janne\jdk-17.0.2\bin\dt_socket.dll
0x00007ffd1c610000 - 0x00007ffd1c644000 	C:\WINDOWS\SYSTEM32\IPHLPAPI.DLL
0x00007ffd1d4b0000 - 0x00007ffd1d51b000 	C:\WINDOWS\system32\mswsock.dll
0x00007ffd1c6a0000 - 0x00007ffd1c7c6000 	C:\WINDOWS\SYSTEM32\DNSAPI.dll
0x00007ffd20f50000 - 0x00007ffd20f5a000 	C:\WINDOWS\System32\NSI.dll
0x00007ffd0f480000 - 0x00007ffd0f48b000 	C:\Windows\System32\rasadhlp.dll
0x00007ffd17210000 - 0x00007ffd17296000 	C:\WINDOWS\System32\fwpuclnt.dll
0x00007ffd09a40000 - 0x00007ffd09a58000 	C:\janne\jdk-17.0.2\bin\zip.dll
0x00007ffd09c40000 - 0x00007ffd09c59000 	C:\janne\jdk-17.0.2\bin\net.dll
0x00007ffd1ce40000 - 0x00007ffd1cf5f000 	C:\WINDOWS\SYSTEM32\WINHTTP.dll
0x00007ffd09bf0000 - 0x00007ffd09c06000 	C:\janne\jdk-17.0.2\bin\nio.dll
0x00007ffd18880000 - 0x00007ffd18890000 	C:\janne\jdk-17.0.2\bin\verify.dll
0x00007ffd1d880000 - 0x00007ffd1d89b000 	C:\WINDOWS\SYSTEM32\CRYPTSP.dll
0x00007ffd1cd80000 - 0x00007ffd1cdbb000 	C:\WINDOWS\system32\rsaenh.dll
0x00007ffd1d550000 - 0x00007ffd1d57b000 	C:\WINDOWS\SYSTEM32\USERENV.dll
0x00007ffd1e0a0000 - 0x00007ffd1e0c6000 	C:\WINDOWS\SYSTEM32\bcrypt.dll
0x00007ffd1d6e0000 - 0x00007ffd1d6ec000 	C:\WINDOWS\SYSTEM32\CRYPTBASE.dll
0x00007ffd16900000 - 0x00007ffd1691e000 	C:\WINDOWS\SYSTEM32\dhcpcsvc6.DLL
0x00007ffd168d0000 - 0x00007ffd168f3000 	C:\WINDOWS\SYSTEM32\dhcpcsvc.DLL
0x00007ffd08e30000 - 0x00007ffd08e3a000 	C:\Users\JanneHeikkilä\AppData\Local\Temp\jansi-1.17.1-12766961383458704300.dll
0x00007ffd08e20000 - 0x00007ffd08e2a000 	C:\Users\JanneHeikkilä\AppData\Local\Temp\jansi-1.17.1-17758699509537479748.dll
0x00007ffd09d40000 - 0x00007ffd09d4e000 	C:\janne\jdk-17.0.2\bin\sunmscapi.dll
0x00007ffd1e1b0000 - 0x00007ffd1e327000 	C:\WINDOWS\System32\CRYPT32.dll
0x00007ffd1d9d0000 - 0x00007ffd1da00000 	C:\WINDOWS\SYSTEM32\ncrypt.dll
0x00007ffd1d980000 - 0x00007ffd1d9bf000 	C:\WINDOWS\SYSTEM32\NTASN1.dll
0x00007ffd099a0000 - 0x00007ffd099a9000 	C:\janne\jdk-17.0.2\bin\management.dll
0x00007ffd090f0000 - 0x00007ffd090fb000 	C:\janne\jdk-17.0.2\bin\management_ext.dll
0x00007ffce1710000 - 0x00007ffce1728000 	C:\WINDOWS\system32\napinsp.dll
0x00007ffcd6570000 - 0x00007ffcd6582000 	C:\WINDOWS\System32\winrnr.dll
0x00007ffcd1140000 - 0x00007ffcd1168000 	C:\WINDOWS\system32\nlansp_c.dll
0x00007ffcd9010000 - 0x00007ffcd9026000 	C:\WINDOWS\system32\wshbth.dll

dbghelp: loaded successfully - version: 4.0.5 - missing functions: none
symbol engine: initialized successfully - sym options: 0x614 - pdb path: .;C:\janne\jdk-17.0.2\bin;C:\WINDOWS\SYSTEM32;C:\WINDOWS\WinSxS\amd64_microsoft.windows.common-controls_6595b64144ccf1df_6.0.26100.5074_none_3e0d6f78e32fd63f;C:\janne\jdk-17.0.2\bin\server;C:\Users\JanneHeikkilä\AppData\Local\Temp

VM Arguments:
jvm_args: -XX:+ShowCodeDetailsInExceptionMessages -agentlib:jdwp=transport=dt_socket,suspend=y,address=localhost:59037 -Dmaven.home=EMBEDDED -Dclassworlds.conf=C:\janne\workspace\.metadata\.plugins\org.eclipse.m2e.launching\launches\m2conf4694565190385829857.tmp -Dm2e.workspace.state=C:\janne\workspace\.metadata\.plugins\org.eclipse.m2e.core\workspacestate.properties -Dmaven.multiModuleProjectDirectory=C:\git\hakunapi\webapp-javax -Dfeatures.hakuna.config.path=C:/janne/hakuna/fgb.properties -javaagent:C:\eclipse\configuration\org.eclipse.osgi\418\0\.cp\lib\javaagent-shaded.jar -Dfile.encoding=Cp1252 
java_command: org.codehaus.plexus.classworlds.launcher.Launcher -B -U -Dmaven.test.skip=true -DskipTests -s C:\janne\m2\settings.xml clean tomcat7:run
java_class_path (initial): C:\eclipse\plugins\org.eclipse.m2e.maven.runtime_1.18.1.20211011-2139\jars\plexus-classworlds-2.6.0.jar
Launcher Type: SUN_STANDARD

[Global flags]
     intx CICompilerCount                          = 4                                         {product} {ergonomic}
     uint ConcGCThreads                            = 2                                         {product} {ergonomic}
     uint G1ConcRefinementThreads                  = 8                                         {product} {ergonomic}
   size_t G1HeapRegionSize                         = 2097152                                   {product} {ergonomic}
    uintx GCDrainStackTargetSize                   = 64                                        {product} {ergonomic}
   size_t InitialHeapSize                          = 264241152                                 {product} {ergonomic}
   size_t MarkStackSize                            = 4194304                                   {product} {ergonomic}
   size_t MaxHeapSize                              = 4221566976                                {product} {ergonomic}
   size_t MaxNewSize                               = 2531262464                                {product} {ergonomic}
   size_t MinHeapDeltaBytes                        = 2097152                                   {product} {ergonomic}
   size_t MinHeapSize                              = 8388608                                   {product} {ergonomic}
    uintx NonNMethodCodeHeapSize                   = 5839372                                {pd product} {ergonomic}
    uintx NonProfiledCodeHeapSize                  = 122909434                              {pd product} {ergonomic}
    uintx ProfiledCodeHeapSize                     = 122909434                              {pd product} {ergonomic}
    uintx ReservedCodeCacheSize                    = 251658240                              {pd product} {ergonomic}
     bool SegmentedCodeCache                       = true                                      {product} {ergonomic}
     bool ShowCodeDetailsInExceptionMessages       = true                                   {manageable} {command line}
   size_t SoftMaxHeapSize                          = 4221566976                             {manageable} {ergonomic}
     bool UseCompressedClassPointers               = true                           {product lp64_product} {ergonomic}
     bool UseCompressedOops                        = true                           {product lp64_product} {ergonomic}
     bool UseG1GC                                  = true                                      {product} {ergonomic}
     bool UseLargePagesIndividualAllocation        = false                                  {pd product} {ergonomic}

Logging:
Log output configuration:
 #0: stdout all=warning uptime,level,tags
 #1: stderr all=off uptime,level,tags

Environment Variables:
PATH=C:/eclipse//plugins/org.eclipse.justj.openjdk.hotspot.jre.full.win32.x86_64_17.0.1.v20211116-1657/jre/bin/server;C:/eclipse//plugins/org.eclipse.justj.openjdk.hotspot.jre.full.win32.x86_64_17.0.1.v20211116-1657/jre/bin;C:\Program Files\Eclipse Adoptium\jdk-8.0.322.6-hotspot\bin;C:\WINDOWS\system32;C:\WINDOWS;C:\WINDOWS\System32\Wbem;C:\WINDOWS\System32\WindowsPowerShell\v1.0\;C:\WINDOWS\System32\OpenSSH\;C:\Program Files (x86)\Pulse Secure\VC142.CRT\X64\;C:\Program Files (x86)\Pulse Secure\VC142.CRT\X86\;C:\Program Files\Git\cmd;C:\Program Files\dotnet\;C:\Program Files (x86)\Microsoft SQL Server\160\Tools\Binn\;C:\Program Files\Microsoft SQL Server\160\Tools\Binn\;C:\Program Files\Microsoft SQL Server\Client SDK\ODBC\170\Tools\Binn\;C:\Program Files\Microsoft SQL Server\160\DTS\Binn\;C:\Program Files (x86)\Common Files\Pulse Secure\TNC Client Plugin\;C:\Users\JanneHeikkil„\AppData\Local\Microsoft\WindowsApps;;C:\Program Files\JetBrains\IntelliJ IDEA Community Edition 2021.3.1\bin;;C:\Users\JanneHeikkil„\.dotnet\tools;C:\janne\Microsoft VS Code\bin;C:\eclipse;
USERNAME=JanneHeikkil„
OS=Windows_NT
PROCESSOR_IDENTIFIER=Intel64 Family 6 Model 140 Stepping 1, GenuineIntel



---------------  S Y S T E M  ---------------

OS:
 Windows 11 , 64 bit Build 26100 (10.0.26100.5074)
OS uptime: 9 days 23:24 hours
Hyper-V role detected

CPU: total 8 (initial active 8) (4 cores per cpu, 2 threads per core) family 6 model 140 stepping 1 microcode 0xbc, cx8, cmov, fxsr, ht, mmx, 3dnowpref, sse, sse2, sse3, ssse3, sse4.1, sse4.2, popcnt, lzcnt, tsc, tscinvbit, avx, avx2, aes, erms, clmul, bmi1, bmi2, adx, avx512f, avx512dq, avx512cd, avx512bw, avx512vl, sha, fma, vzeroupper, avx512_vpopcntdq, avx512_vpclmulqdq, avx512_vaes, avx512_vnni, clflush, clflushopt, clwb, avx512_vbmi2, avx512_vbmi, hv

Memory: 4k page, system-wide physical 16103M (5873M free)
TotalPageFile size 25831M (AvailPageFile size 13362M)
current process WorkingSet (physical memory assigned to process): 455M, peak: 558M
current process commit charge ("private bytes"): 497M, peak: 588M

vm_info: OpenJDK 64-Bit Server VM (17.0.2+8-86) for windows-amd64 JRE (17.0.2+8-86), built on Dec  7 2021 21:49:10 by "mach5one" with MS VC++ 16.8 / 16.9 (VS2019)

END.
