#
# A fatal error has been detected by the Java Runtime Environment:
#
#  Internal Error (generateOopMap.cpp:2159), pid=5184, tid=8768
#  fatal error: Illegal class file encountered. Try running with -Xverify:all in method toProperty
#
# JRE version: OpenJDK Runtime Environment (17.0.2+8) (build 17.0.2+8-86)
# Java VM: OpenJDK 64-Bit Server VM (17.0.2+8-86, mixed mode, sharing, tiered, compressed oops, compressed class ptrs, g1 gc, windows-amd64)
# No core dump will be written. Minidumps are not enabled by default on client versions of Windows
#
# If you would like to submit a bug report, please visit:
#   https://bugreport.java.com/bugreport/crash.jsp
#

---------------  S U M M A R Y ------------

Command Line: -XX:+ShowCodeDetailsInExceptionMessages -agentlib:jdwp=transport=dt_socket,suspend=y,address=localhost:59017 -Dmaven.home=EMBEDDED -Dclassworlds.conf=C:\janne\workspace\.metadata\.plugins\org.eclipse.m2e.launching\launches\m2conf5119197432929792997.tmp -Dm2e.workspace.state=C:\janne\workspace\.metadata\.plugins\org.eclipse.m2e.core\workspacestate.properties -Dmaven.multiModuleProjectDirectory=C:\git\hakunapi\webapp-javax -Dfeatures.hakuna.config.path=C:/janne/hakuna/fgb.properties -javaagent:C:\eclipse\configuration\org.eclipse.osgi\418\0\.cp\lib\javaagent-shaded.jar -Dfile.encoding=Cp1252 org.codehaus.plexus.classworlds.launcher.Launcher -B -U -Dmaven.test.skip=true -DskipTests -s C:\janne\m2\settings.xml clean tomcat7:run

Host: 11th Gen Intel(R) Core(TM) i7-1165G7 @ 2.80GHz, 8 cores, 15G,  Windows 11 , 64 bit Build 26100 (10.0.26100.5074)
Time: Fri Oct  3 22:53:03 2025 Suomen kesäaika elapsed time: 27.449325 seconds (0d 0h 0m 27s)

---------------  T H R E A D  ---------------

Current thread (0x000001a17fd11030):  VMThread "VM Thread" [stack: 0x0000008de2d00000,0x0000008de2e00000] [id=8768]

Stack: [0x0000008de2d00000,0x0000008de2e00000]
Native frames: (J=compiled Java code, j=interpreted, Vv=VM code, C=native code)
V  [jvm.dll+0x670baa]
V  [jvm.dll+0x7cfcb4]
V  [jvm.dll+0x7d145e]
V  [jvm.dll+0x24291f]
V  [jvm.dll+0x3363e4]
V  [jvm.dll+0x33611c]
V  [jvm.dll+0x333a24]
V  [jvm.dll+0x334e2e]
V  [jvm.dll+0x33249f]
V  [jvm.dll+0x3316a7]
V  [jvm.dll+0x65f2ca]
V  [jvm.dll+0x65efe3]
V  [jvm.dll+0x6249d8]
V  [jvm.dll+0x7c6f65]
V  [jvm.dll+0x5224e6]
V  [jvm.dll+0x7d5f9b]
V  [jvm.dll+0x7d6cd4]
V  [jvm.dll+0x7d71ec]
V  [jvm.dll+0x7d75c4]
V  [jvm.dll+0x7d7690]
V  [jvm.dll+0x77ff7a]
V  [jvm.dll+0x66fa35]
C  [ucrtbase.dll+0x37b0]
C  [KERNEL32.DLL+0x2e8d7]
C  [ntdll.dll+0x8d9c]

VM_Operation (0x0000008de38ff350): get/set locals, mode: safepoint, requested by thread 0x000001a10f9b85d0


---------------  P R O C E S S  ---------------

Threads class SMR info:
_java_thread_list=0x000001a1179f3340, length=29, elements={
0x000001a16c1d86d0, 0x000001a17fd15680, 0x000001a17fd16140, 0x000001a17fd2e130,
0x000001a17fd30b00, 0x000001a17fd313c0, 0x000001a17fd39c90, 0x000001a10f8211b0,
0x000001a10f821ab0, 0x000001a10f8323e0, 0x000001a17fcffcf0, 0x000001a10f9b85d0,
0x000001a10fa074c0, 0x000001a10fa079b0, 0x000001a10fbf7aa0, 0x000001a111399e80,
0x000001a11139bb60, 0x000001a1113994e0, 0x000001a11139a350, 0x000001a11139c9d0,
0x000001a11139c030, 0x000001a11139c500, 0x000001a116525a80, 0x000001a1165268f0,
0x000001a116525f50, 0x000001a116526dc0, 0x000001a116524c10, 0x000001a116527290,
0x000001a116527c30
}

Java Threads: ( => current thread )
  0x000001a16c1d86d0 JavaThread "main" [_thread_blocked, id=27152, stack(0x0000008de2700000,0x0000008de2800000)]
  0x000001a17fd15680 JavaThread "Reference Handler" daemon [_thread_blocked, id=23396, stack(0x0000008de2e00000,0x0000008de2f00000)]
  0x000001a17fd16140 JavaThread "Finalizer" daemon [_thread_blocked, id=5688, stack(0x0000008de2f00000,0x0000008de3000000)]
  0x000001a17fd2e130 JavaThread "Signal Dispatcher" daemon [_thread_blocked, id=17248, stack(0x0000008de3000000,0x0000008de3100000)]
  0x000001a17fd30b00 JavaThread "Attach Listener" daemon [_thread_blocked, id=16628, stack(0x0000008de3100000,0x0000008de3200000)]
  0x000001a17fd313c0 JavaThread "Service Thread" daemon [_thread_blocked, id=22492, stack(0x0000008de3200000,0x0000008de3300000)]
  0x000001a17fd39c90 JavaThread "Monitor Deflation Thread" daemon [_thread_blocked, id=1124, stack(0x0000008de3300000,0x0000008de3400000)]
  0x000001a10f8211b0 JavaThread "C2 CompilerThread0" daemon [_thread_blocked, id=26564, stack(0x0000008de3400000,0x0000008de3500000)]
  0x000001a10f821ab0 JavaThread "C1 CompilerThread0" daemon [_thread_blocked, id=11868, stack(0x0000008de3500000,0x0000008de3600000)]
  0x000001a10f8323e0 JavaThread "Sweeper thread" daemon [_thread_blocked, id=10064, stack(0x0000008de3600000,0x0000008de3700000)]
  0x000001a17fcffcf0 JavaThread "Common-Cleaner" daemon [_thread_blocked, id=26020, stack(0x0000008de3700000,0x0000008de3800000)]
  0x000001a10f9b85d0 JavaThread "JDWP Transport Listener: dt_socket" daemon [_thread_blocked, id=6824, stack(0x0000008de3800000,0x0000008de3900000)]
  0x000001a10fa074c0 JavaThread "JDWP Event Helper Thread" daemon [_thread_blocked, id=16860, stack(0x0000008de3900000,0x0000008de3a00000)]
  0x000001a10fa079b0 JavaThread "JDWP Command Reader" daemon [_thread_in_native, id=11016, stack(0x0000008de3a00000,0x0000008de3b00000)]
  0x000001a10fbf7aa0 JavaThread "Notification Thread" daemon [_thread_blocked, id=13884, stack(0x0000008de3b00000,0x0000008de3c00000)]
  0x000001a111399e80 JavaThread "OkHttp repo.maven.apache.org" daemon [_thread_in_native, id=4976, stack(0x0000008de4b00000,0x0000008de4c00000)]
  0x000001a11139bb60 JavaThread "OkHttp ConnectionPool" daemon [_thread_blocked, id=6116, stack(0x0000008de4c00000,0x0000008de4d00000)]
  0x000001a1113994e0 JavaThread "Okio Watchdog" daemon [_thread_blocked, id=27016, stack(0x0000008de4d00000,0x0000008de4e00000)]
  0x000001a11139a350 JavaThread "OkHttp repo.osgeo.org" daemon [_thread_in_native, id=16308, stack(0x0000008de4e00000,0x0000008de4f00000)]
  0x000001a11139c9d0 JavaThread "OkHttp ConnectionPool" daemon [_thread_blocked, id=13568, stack(0x0000008de4f00000,0x0000008de5000000)]
  0x000001a11139c030 JavaThread "OkHttp repo.osgeo.org" daemon [_thread_in_native, id=28632, stack(0x0000008de5000000,0x0000008de5100000)]
  0x000001a11139c500 JavaThread "OkHttp ConnectionPool" daemon [_thread_blocked, id=29232, stack(0x0000008de5100000,0x0000008de5200000)]
  0x000001a116525a80 JavaThread "OkHttp repo.maven.apache.org Writer" [_thread_blocked, id=24172, stack(0x0000008de4a00000,0x0000008de4b00000)]
  0x000001a1165268f0 JavaThread "OkHttp Http2Connection" daemon [_thread_blocked, id=18208, stack(0x0000008de5200000,0x0000008de5300000)]
  0x000001a116525f50 JavaThread "OkHttp repo.osgeo.org Writer" [_thread_blocked, id=12552, stack(0x0000008de4500000,0x0000008de4600000)]
  0x000001a116526dc0 JavaThread "OkHttp repo.osgeo.org Writer" [_thread_blocked, id=21096, stack(0x0000008de5300000,0x0000008de5400000)]
  0x000001a116524c10 JavaThread "Tomcat-startStop-1" daemon [_thread_blocked, id=3548, stack(0x0000008de4900000,0x0000008de4a00000)]
  0x000001a116527290 JavaThread "localhost-startStop-1" daemon [_thread_blocked, id=4380, stack(0x0000008de5400000,0x0000008de5500000)]
  0x000001a116527c30 JavaThread "Thread-5" daemon [_thread_in_native, id=17524, stack(0x0000008de5500000,0x0000008de5600000)]

Other Threads:
=>0x000001a17fd11030 VMThread "VM Thread" [stack: 0x0000008de2d00000,0x0000008de2e00000] [id=8768]
  0x000001a16c246e20 WatcherThread [stack: 0x0000008de3c00000,0x0000008de3d00000] [id=6204]
  0x000001a16c224850 GCTaskThread "GC Thread#0" [stack: 0x0000008de2800000,0x0000008de2900000] [id=20860]
  0x000001a11069a080 GCTaskThread "GC Thread#1" [stack: 0x0000008de3e00000,0x0000008de3f00000] [id=16948]
  0x000001a11069a330 GCTaskThread "GC Thread#2" [stack: 0x0000008de3f00000,0x0000008de4000000] [id=11920]
  0x000001a11064b5f0 GCTaskThread "GC Thread#3" [stack: 0x0000008de4000000,0x0000008de4100000] [id=19612]
  0x000001a11064b8a0 GCTaskThread "GC Thread#4" [stack: 0x0000008de4100000,0x0000008de4200000] [id=27540]
  0x000001a11064bb50 GCTaskThread "GC Thread#5" [stack: 0x0000008de4200000,0x0000008de4300000] [id=4632]
  0x000001a1107659f0 GCTaskThread "GC Thread#6" [stack: 0x0000008de4300000,0x0000008de4400000] [id=6936]
  0x000001a110695cc0 GCTaskThread "GC Thread#7" [stack: 0x0000008de4400000,0x0000008de4500000] [id=19348]
  0x000001a16c236140 ConcurrentGCThread "G1 Main Marker" [stack: 0x0000008de2900000,0x0000008de2a00000] [id=11172]
  0x000001a16c236a60 ConcurrentGCThread "G1 Conc#0" [stack: 0x0000008de2a00000,0x0000008de2b00000] [id=27960]
  0x000001a11548aee0 ConcurrentGCThread "G1 Conc#1" [stack: 0x0000008de4600000,0x0000008de4700000] [id=5076]
  0x000001a17fbd30e0 ConcurrentGCThread "G1 Refine#0" [stack: 0x0000008de2b00000,0x0000008de2c00000] [id=27384]
  0x000001a17fbd38b0 ConcurrentGCThread "G1 Service" [stack: 0x0000008de2c00000,0x0000008de2d00000] [id=15256]

Threads with active compile tasks:

VM state: at safepoint (normal execution)

VM Mutex/Monitor currently owned by a thread:  ([mutex/lock_event])
[0x000001a169ecdb30] Threads_lock - owner thread: 0x000001a17fd11030

Heap address: 0x0000000704600000, size: 4026 MB, Compressed Oops mode: Zero based, Oop shift amount: 3

CDS archive(s) mapped at: [0x0000000800000000-0x0000000800bc0000-0x0000000800bc0000), size 12320768, SharedBaseAddress: 0x0000000800000000, ArchiveRelocationMode: 0.
Compressed class space mapped at: 0x0000000800c00000-0x0000000840c00000, reserved size: 1073741824
Narrow klass base: 0x0000000800000000, Narrow klass shift: 0, Narrow klass range: 0x100000000

GC Precious Log:
 CPUs: 8 total, 8 available
 Memory: 16103M
 Large Page Support: Disabled
 NUMA Support: Disabled
 Compressed Oops: Enabled (Zero based)
 Heap Region Size: 2M
 Heap Min Capacity: 8M
 Heap Initial Capacity: 252M
 Heap Max Capacity: 4026M
 Pre-touch: Disabled
 Parallel Workers: 8
 Concurrent Workers: 2
 Concurrent Refinement Workers: 8
 Periodic GC: Disabled

Heap:
 garbage-first heap   total 276480K, used 136622K [0x0000000704600000, 0x0000000800000000)
  region size 2048K, 44 young (90112K), 4 survivors (8192K)
 Metaspace       used 50010K, committed 50432K, reserved 1097728K
  class space    used 5476K, committed 5696K, reserved 1048576K

Heap Regions: E=young(eden), S=young(survivor), O=old, HS=humongous(starts), HC=humongous(continues), CS=collection set, F=free, OA=open archive, CA=closed archive, TAMS=top-at-mark-start (previous, next)
|   0|0x0000000704600000, 0x0000000704800000, 0x0000000704800000|100%| O|  |TAMS 0x0000000704800000, 0x0000000704600000| Untracked 
|   1|0x0000000704800000, 0x0000000704a00000, 0x0000000704a00000|100%| O|  |TAMS 0x0000000704800000, 0x0000000704800000| Untracked 
|   2|0x0000000704a00000, 0x0000000704c00000, 0x0000000704c00000|100%| O|  |TAMS 0x0000000704c00000, 0x0000000704a00000| Untracked 
|   3|0x0000000704c00000, 0x0000000704e00000, 0x0000000704e00000|100%| O|  |TAMS 0x0000000704e00000, 0x0000000704c00000| Untracked 
|   4|0x0000000704e00000, 0x0000000705000000, 0x0000000705000000|100%| O|  |TAMS 0x0000000705000000, 0x0000000704e00000| Untracked 
|   5|0x0000000705000000, 0x0000000705200000, 0x0000000705200000|100%|HS|  |TAMS 0x0000000705200000, 0x0000000705000000| Complete 
|   6|0x0000000705200000, 0x0000000705400000, 0x0000000705400000|100%| O|  |TAMS 0x0000000705200000, 0x0000000705200000| Untracked 
|   7|0x0000000705400000, 0x0000000705600000, 0x0000000705600000|100%| O|  |TAMS 0x0000000705400000, 0x0000000705400000| Untracked 
|   8|0x0000000705600000, 0x0000000705800000, 0x0000000705800000|100%| O|  |TAMS 0x0000000705600000, 0x0000000705600000| Untracked 
|   9|0x0000000705800000, 0x0000000705a00000, 0x0000000705a00000|100%| O|  |TAMS 0x0000000705a00000, 0x0000000705800000| Untracked 
|  10|0x0000000705a00000, 0x0000000705a2d000, 0x0000000705c00000|  8%| O|  |TAMS 0x0000000705a00000, 0x0000000705a00000| Untracked 
|  11|0x0000000705c00000, 0x0000000705c00000, 0x0000000705e00000|  0%| F|  |TAMS 0x0000000705c00000, 0x0000000705c00000| Untracked 
|  12|0x0000000705e00000, 0x0000000706000000, 0x0000000706000000|100%| O|  |TAMS 0x0000000706000000, 0x0000000705e00000| Untracked 
|  13|0x0000000706000000, 0x0000000706200000, 0x0000000706200000|100%| O|  |TAMS 0x0000000706000000, 0x0000000706000000| Untracked 
|  14|0x0000000706200000, 0x0000000706400000, 0x0000000706400000|100%| O|  |TAMS 0x0000000706200000, 0x0000000706200000| Untracked 
|  15|0x0000000706400000, 0x0000000706600000, 0x0000000706600000|100%| O|  |TAMS 0x0000000706600000, 0x0000000706400000| Untracked 
|  16|0x0000000706600000, 0x0000000706800000, 0x0000000706800000|100%| O|  |TAMS 0x0000000706800000, 0x0000000706600000| Untracked 
|  17|0x0000000706800000, 0x0000000706a00000, 0x0000000706a00000|100%| O|  |TAMS 0x0000000706a00000, 0x0000000706800000| Untracked 
|  18|0x0000000706a00000, 0x0000000706a00000, 0x0000000706c00000|  0%| F|  |TAMS 0x0000000706a00000, 0x0000000706a00000| Untracked 
|  19|0x0000000706c00000, 0x0000000706e00000, 0x0000000706e00000|100%| O|  |TAMS 0x0000000706e00000, 0x0000000706c00000| Untracked 
|  20|0x0000000706e00000, 0x0000000707000000, 0x0000000707000000|100%| O|  |TAMS 0x0000000707000000, 0x0000000706e00000| Untracked 
|  21|0x0000000707000000, 0x0000000707200000, 0x0000000707200000|100%| O|  |TAMS 0x0000000707200000, 0x0000000707000000| Untracked 
|  22|0x0000000707200000, 0x0000000707200000, 0x0000000707400000|  0%| F|  |TAMS 0x0000000707200000, 0x0000000707200000| Untracked 
|  23|0x0000000707400000, 0x0000000707400000, 0x0000000707600000|  0%| F|  |TAMS 0x0000000707400000, 0x0000000707400000| Untracked 
|  24|0x0000000707600000, 0x0000000707600000, 0x0000000707800000|  0%| F|  |TAMS 0x0000000707600000, 0x0000000707600000| Untracked 
|  25|0x0000000707800000, 0x0000000707800000, 0x0000000707a00000|  0%| F|  |TAMS 0x0000000707800000, 0x0000000707800000| Untracked 
|  26|0x0000000707a00000, 0x0000000707c00000, 0x0000000707c00000|100%| O|  |TAMS 0x0000000707c00000, 0x0000000707a00000| Untracked 
|  27|0x0000000707c00000, 0x0000000707e00000, 0x0000000707e00000|100%| O|  |TAMS 0x0000000707db5800, 0x0000000707c00000| Untracked 
|  28|0x0000000707e00000, 0x0000000708000000, 0x0000000708000000|100%| O|  |TAMS 0x0000000707e00000, 0x0000000707e00000| Untracked 
|  29|0x0000000708000000, 0x0000000708000000, 0x0000000708200000|  0%| F|  |TAMS 0x0000000708000000, 0x0000000708000000| Untracked 
|  30|0x0000000708200000, 0x0000000708200000, 0x0000000708400000|  0%| F|  |TAMS 0x0000000708200000, 0x0000000708200000| Untracked 
|  31|0x0000000708400000, 0x0000000708400000, 0x0000000708600000|  0%| F|  |TAMS 0x0000000708400000, 0x0000000708400000| Untracked 
|  32|0x0000000708600000, 0x0000000708600000, 0x0000000708800000|  0%| F|  |TAMS 0x0000000708600000, 0x0000000708600000| Untracked 
|  33|0x0000000708800000, 0x0000000708800000, 0x0000000708a00000|  0%| F|  |TAMS 0x0000000708800000, 0x0000000708800000| Untracked 
|  34|0x0000000708a00000, 0x0000000708a00000, 0x0000000708c00000|  0%| F|  |TAMS 0x0000000708a00000, 0x0000000708a00000| Untracked 
|  35|0x0000000708c00000, 0x0000000708c00000, 0x0000000708e00000|  0%| F|  |TAMS 0x0000000708c00000, 0x0000000708c00000| Untracked 
|  36|0x0000000708e00000, 0x0000000708e00000, 0x0000000709000000|  0%| F|  |TAMS 0x0000000708e00000, 0x0000000708e00000| Untracked 
|  37|0x0000000709000000, 0x0000000709000000, 0x0000000709200000|  0%| F|  |TAMS 0x0000000709000000, 0x0000000709000000| Untracked 
|  38|0x0000000709200000, 0x0000000709200000, 0x0000000709400000|  0%| F|  |TAMS 0x0000000709200000, 0x0000000709200000| Untracked 
|  39|0x0000000709400000, 0x0000000709400000, 0x0000000709600000|  0%| F|  |TAMS 0x0000000709400000, 0x0000000709400000| Untracked 
|  40|0x0000000709600000, 0x0000000709600000, 0x0000000709800000|  0%| F|  |TAMS 0x0000000709600000, 0x0000000709600000| Untracked 
|  41|0x0000000709800000, 0x0000000709800000, 0x0000000709a00000|  0%| F|  |TAMS 0x0000000709800000, 0x0000000709800000| Untracked 
|  42|0x0000000709a00000, 0x0000000709a00000, 0x0000000709c00000|  0%| F|  |TAMS 0x0000000709a00000, 0x0000000709a00000| Untracked 
|  43|0x0000000709c00000, 0x0000000709c00000, 0x0000000709e00000|  0%| F|  |TAMS 0x0000000709c00000, 0x0000000709c00000| Untracked 
|  44|0x0000000709e00000, 0x0000000709e00000, 0x000000070a000000|  0%| F|  |TAMS 0x0000000709e00000, 0x0000000709e00000| Untracked 
|  45|0x000000070a000000, 0x000000070a000000, 0x000000070a200000|  0%| F|  |TAMS 0x000000070a000000, 0x000000070a000000| Untracked 
|  46|0x000000070a200000, 0x000000070a200000, 0x000000070a400000|  0%| F|  |TAMS 0x000000070a200000, 0x000000070a200000| Untracked 
|  47|0x000000070a400000, 0x000000070a400000, 0x000000070a600000|  0%| F|  |TAMS 0x000000070a400000, 0x000000070a400000| Untracked 
|  48|0x000000070a600000, 0x000000070a73e8c0, 0x000000070a800000| 62%| S|CS|TAMS 0x000000070a600000, 0x000000070a600000| Complete 
|  49|0x000000070a800000, 0x000000070aa00000, 0x000000070aa00000|100%| S|CS|TAMS 0x000000070a800000, 0x000000070a800000| Complete 
|  50|0x000000070aa00000, 0x000000070aa00000, 0x000000070ac00000|  0%| F|  |TAMS 0x000000070aa00000, 0x000000070aa00000| Untracked 
|  51|0x000000070ac00000, 0x000000070ac00000, 0x000000070ae00000|  0%| F|  |TAMS 0x000000070ac00000, 0x000000070ac00000| Untracked 
|  52|0x000000070ae00000, 0x000000070ae00000, 0x000000070b000000|  0%| F|  |TAMS 0x000000070ae00000, 0x000000070ae00000| Untracked 
|  53|0x000000070b000000, 0x000000070b000000, 0x000000070b200000|  0%| F|  |TAMS 0x000000070b000000, 0x000000070b000000| Untracked 
|  54|0x000000070b200000, 0x000000070b200000, 0x000000070b400000|  0%| F|  |TAMS 0x000000070b200000, 0x000000070b200000| Untracked 
|  55|0x000000070b400000, 0x000000070b600000, 0x000000070b600000|100%| S|CS|TAMS 0x000000070b400000, 0x000000070b400000| Complete 
|  56|0x000000070b600000, 0x000000070b800000, 0x000000070b800000|100%| S|CS|TAMS 0x000000070b600000, 0x000000070b600000| Complete 
|  57|0x000000070b800000, 0x000000070b800000, 0x000000070ba00000|  0%| F|  |TAMS 0x000000070b800000, 0x000000070b800000| Untracked 
|  58|0x000000070ba00000, 0x000000070ba00000, 0x000000070bc00000|  0%| F|  |TAMS 0x000000070ba00000, 0x000000070ba00000| Untracked 
|  59|0x000000070bc00000, 0x000000070bc00000, 0x000000070be00000|  0%| F|  |TAMS 0x000000070bc00000, 0x000000070bc00000| Untracked 
|  60|0x000000070be00000, 0x000000070be00000, 0x000000070c000000|  0%| F|  |TAMS 0x000000070be00000, 0x000000070be00000| Untracked 
|  61|0x000000070c000000, 0x000000070c000000, 0x000000070c200000|  0%| F|  |TAMS 0x000000070c000000, 0x000000070c000000| Untracked 
|  62|0x000000070c200000, 0x000000070c200000, 0x000000070c400000|  0%| F|  |TAMS 0x000000070c200000, 0x000000070c200000| Untracked 
|  63|0x000000070c400000, 0x000000070c400000, 0x000000070c600000|  0%| F|  |TAMS 0x000000070c400000, 0x000000070c400000| Untracked 
|  64|0x000000070c600000, 0x000000070c600000, 0x000000070c800000|  0%| F|  |TAMS 0x000000070c600000, 0x000000070c600000| Untracked 
|  65|0x000000070c800000, 0x000000070c800000, 0x000000070ca00000|  0%| F|  |TAMS 0x000000070c800000, 0x000000070c800000| Untracked 
|  66|0x000000070ca00000, 0x000000070ca00000, 0x000000070cc00000|  0%| F|  |TAMS 0x000000070ca00000, 0x000000070ca00000| Untracked 
|  67|0x000000070cc00000, 0x000000070cc00000, 0x000000070ce00000|  0%| F|  |TAMS 0x000000070cc00000, 0x000000070cc00000| Untracked 
|  68|0x000000070ce00000, 0x000000070ce00000, 0x000000070d000000|  0%| F|  |TAMS 0x000000070ce00000, 0x000000070ce00000| Untracked 
|  69|0x000000070d000000, 0x000000070d000000, 0x000000070d200000|  0%| F|  |TAMS 0x000000070d000000, 0x000000070d000000| Untracked 
|  70|0x000000070d200000, 0x000000070d200000, 0x000000070d400000|  0%| F|  |TAMS 0x000000070d200000, 0x000000070d200000| Untracked 
|  71|0x000000070d400000, 0x000000070d400000, 0x000000070d600000|  0%| F|  |TAMS 0x000000070d400000, 0x000000070d400000| Untracked 
|  72|0x000000070d600000, 0x000000070d600000, 0x000000070d800000|  0%| F|  |TAMS 0x000000070d600000, 0x000000070d600000| Untracked 
|  73|0x000000070d800000, 0x000000070d800000, 0x000000070da00000|  0%| F|  |TAMS 0x000000070d800000, 0x000000070d800000| Untracked 
|  74|0x000000070da00000, 0x000000070da00000, 0x000000070dc00000|  0%| F|  |TAMS 0x000000070da00000, 0x000000070da00000| Untracked 
|  75|0x000000070dc00000, 0x000000070dc00000, 0x000000070de00000|  0%| F|  |TAMS 0x000000070dc00000, 0x000000070dc00000| Untracked 
|  76|0x000000070de00000, 0x000000070de00000, 0x000000070e000000|  0%| F|  |TAMS 0x000000070de00000, 0x000000070de00000| Untracked 
|  77|0x000000070e000000, 0x000000070e000000, 0x000000070e200000|  0%| F|  |TAMS 0x000000070e000000, 0x000000070e000000| Untracked 
|  78|0x000000070e200000, 0x000000070e200000, 0x000000070e400000|  0%| F|  |TAMS 0x000000070e200000, 0x000000070e200000| Untracked 
|  79|0x000000070e400000, 0x000000070e400000, 0x000000070e600000|  0%| F|  |TAMS 0x000000070e400000, 0x000000070e400000| Untracked 
|  80|0x000000070e600000, 0x000000070e600000, 0x000000070e800000|  0%| F|  |TAMS 0x000000070e600000, 0x000000070e600000| Untracked 
|  81|0x000000070e800000, 0x000000070e800000, 0x000000070ea00000|  0%| F|  |TAMS 0x000000070e800000, 0x000000070e800000| Untracked 
|  82|0x000000070ea00000, 0x000000070ea00000, 0x000000070ec00000|  0%| F|  |TAMS 0x000000070ea00000, 0x000000070ea00000| Untracked 
|  83|0x000000070ec00000, 0x000000070ec00000, 0x000000070ee00000|  0%| F|  |TAMS 0x000000070ec00000, 0x000000070ec00000| Untracked 
|  84|0x000000070ee00000, 0x000000070ee00000, 0x000000070f000000|  0%| F|  |TAMS 0x000000070ee00000, 0x000000070ee00000| Untracked 
|  85|0x000000070f000000, 0x000000070f000000, 0x000000070f200000|  0%| F|  |TAMS 0x000000070f000000, 0x000000070f000000| Untracked 
|  86|0x000000070f200000, 0x000000070f200000, 0x000000070f400000|  0%| F|  |TAMS 0x000000070f200000, 0x000000070f200000| Untracked 
|  87|0x000000070f400000, 0x000000070f400000, 0x000000070f600000|  0%| F|  |TAMS 0x000000070f400000, 0x000000070f400000| Untracked 
|  88|0x000000070f600000, 0x000000070f600000, 0x000000070f800000|  0%| F|  |TAMS 0x000000070f600000, 0x000000070f600000| Untracked 
|  89|0x000000070f800000, 0x000000070f800000, 0x000000070fa00000|  0%| F|  |TAMS 0x000000070f800000, 0x000000070f800000| Untracked 
|  90|0x000000070fa00000, 0x000000070fa00000, 0x000000070fc00000|  0%| F|  |TAMS 0x000000070fa00000, 0x000000070fa00000| Untracked 
|  91|0x000000070fc00000, 0x000000070fc00000, 0x000000070fe00000|  0%| F|  |TAMS 0x000000070fc00000, 0x000000070fc00000| Untracked 
|  92|0x000000070fe00000, 0x000000070fe00000, 0x0000000710000000|  0%| F|  |TAMS 0x000000070fe00000, 0x000000070fe00000| Untracked 
|  93|0x0000000710000000, 0x0000000710100800, 0x0000000710200000| 50%| E|  |TAMS 0x0000000710000000, 0x0000000710000000| Complete 
|  94|0x0000000710200000, 0x0000000710400000, 0x0000000710400000|100%| E|CS|TAMS 0x0000000710200000, 0x0000000710200000| Complete 
|  95|0x0000000710400000, 0x0000000710600000, 0x0000000710600000|100%| E|CS|TAMS 0x0000000710400000, 0x0000000710400000| Complete 
|  96|0x0000000710600000, 0x0000000710800000, 0x0000000710800000|100%| E|CS|TAMS 0x0000000710600000, 0x0000000710600000| Complete 
|  97|0x0000000710800000, 0x0000000710a00000, 0x0000000710a00000|100%| E|CS|TAMS 0x0000000710800000, 0x0000000710800000| Complete 
|  98|0x0000000710a00000, 0x0000000710c00000, 0x0000000710c00000|100%| E|CS|TAMS 0x0000000710a00000, 0x0000000710a00000| Complete 
|  99|0x0000000710c00000, 0x0000000710e00000, 0x0000000710e00000|100%| E|CS|TAMS 0x0000000710c00000, 0x0000000710c00000| Complete 
| 100|0x0000000710e00000, 0x0000000711000000, 0x0000000711000000|100%| E|CS|TAMS 0x0000000710e00000, 0x0000000710e00000| Complete 
| 101|0x0000000711000000, 0x0000000711200000, 0x0000000711200000|100%| E|CS|TAMS 0x0000000711000000, 0x0000000711000000| Complete 
| 102|0x0000000711200000, 0x0000000711400000, 0x0000000711400000|100%| E|CS|TAMS 0x0000000711200000, 0x0000000711200000| Complete 
| 103|0x0000000711400000, 0x0000000711600000, 0x0000000711600000|100%| E|CS|TAMS 0x0000000711400000, 0x0000000711400000| Complete 
| 104|0x0000000711600000, 0x0000000711800000, 0x0000000711800000|100%| E|CS|TAMS 0x0000000711600000, 0x0000000711600000| Complete 
| 105|0x0000000711800000, 0x0000000711a00000, 0x0000000711a00000|100%| E|CS|TAMS 0x0000000711800000, 0x0000000711800000| Complete 
| 106|0x0000000711a00000, 0x0000000711c00000, 0x0000000711c00000|100%| E|CS|TAMS 0x0000000711a00000, 0x0000000711a00000| Complete 
| 107|0x0000000711c00000, 0x0000000711e00000, 0x0000000711e00000|100%| E|CS|TAMS 0x0000000711c00000, 0x0000000711c00000| Complete 
| 108|0x0000000711e00000, 0x0000000712000000, 0x0000000712000000|100%| E|CS|TAMS 0x0000000711e00000, 0x0000000711e00000| Complete 
| 109|0x0000000712000000, 0x0000000712200000, 0x0000000712200000|100%| E|CS|TAMS 0x0000000712000000, 0x0000000712000000| Complete 
| 110|0x0000000712200000, 0x0000000712400000, 0x0000000712400000|100%| E|CS|TAMS 0x0000000712200000, 0x0000000712200000| Complete 
| 111|0x0000000712400000, 0x0000000712600000, 0x0000000712600000|100%| E|CS|TAMS 0x0000000712400000, 0x0000000712400000| Complete 
| 112|0x0000000712600000, 0x0000000712800000, 0x0000000712800000|100%| E|CS|TAMS 0x0000000712600000, 0x0000000712600000| Complete 
| 113|0x0000000712800000, 0x0000000712a00000, 0x0000000712a00000|100%| E|CS|TAMS 0x0000000712800000, 0x0000000712800000| Complete 
| 114|0x0000000712a00000, 0x0000000712c00000, 0x0000000712c00000|100%| E|CS|TAMS 0x0000000712a00000, 0x0000000712a00000| Complete 
| 115|0x0000000712c00000, 0x0000000712e00000, 0x0000000712e00000|100%| E|CS|TAMS 0x0000000712c00000, 0x0000000712c00000| Complete 
| 116|0x0000000712e00000, 0x0000000713000000, 0x0000000713000000|100%| E|CS|TAMS 0x0000000712e00000, 0x0000000712e00000| Complete 
| 117|0x0000000713000000, 0x0000000713200000, 0x0000000713200000|100%| E|CS|TAMS 0x0000000713000000, 0x0000000713000000| Complete 
| 118|0x0000000713200000, 0x0000000713400000, 0x0000000713400000|100%| E|CS|TAMS 0x0000000713200000, 0x0000000713200000| Complete 
| 119|0x0000000713400000, 0x0000000713600000, 0x0000000713600000|100%| E|CS|TAMS 0x0000000713400000, 0x0000000713400000| Complete 
| 120|0x0000000713600000, 0x0000000713800000, 0x0000000713800000|100%| E|CS|TAMS 0x0000000713600000, 0x0000000713600000| Complete 
| 121|0x0000000713800000, 0x0000000713a00000, 0x0000000713a00000|100%| E|CS|TAMS 0x0000000713800000, 0x0000000713800000| Complete 
| 122|0x0000000713a00000, 0x0000000713c00000, 0x0000000713c00000|100%| E|CS|TAMS 0x0000000713a00000, 0x0000000713a00000| Complete 
| 123|0x0000000713c00000, 0x0000000713e00000, 0x0000000713e00000|100%| E|CS|TAMS 0x0000000713c00000, 0x0000000713c00000| Complete 
| 124|0x0000000713e00000, 0x0000000714000000, 0x0000000714000000|100%| E|CS|TAMS 0x0000000713e00000, 0x0000000713e00000| Complete 
| 125|0x0000000714000000, 0x0000000714200000, 0x0000000714200000|100%| E|CS|TAMS 0x0000000714000000, 0x0000000714000000| Complete 
| 126|0x0000000714200000, 0x0000000714400000, 0x0000000714400000|100%| E|CS|TAMS 0x0000000714200000, 0x0000000714200000| Complete 
| 127|0x0000000714400000, 0x0000000714600000, 0x0000000714600000|100%| E|CS|TAMS 0x0000000714400000, 0x0000000714400000| Complete 
| 128|0x0000000714600000, 0x0000000714800000, 0x0000000714800000|100%| E|CS|TAMS 0x0000000714600000, 0x0000000714600000| Complete 
| 129|0x0000000714800000, 0x0000000714a00000, 0x0000000714a00000|100%| E|CS|TAMS 0x0000000714800000, 0x0000000714800000| Complete 
| 130|0x0000000714a00000, 0x0000000714c00000, 0x0000000714c00000|100%| E|CS|TAMS 0x0000000714a00000, 0x0000000714a00000| Complete 
| 131|0x0000000714c00000, 0x0000000714e00000, 0x0000000714e00000|100%| E|CS|TAMS 0x0000000714c00000, 0x0000000714c00000| Complete 
| 132|0x0000000714e00000, 0x0000000715000000, 0x0000000715000000|100%| E|CS|TAMS 0x0000000714e00000, 0x0000000714e00000| Complete 
|2011|0x00000007ffc00000, 0x00000007ffe00000, 0x00000007ffe00000|100%| O|  |TAMS 0x00000007ffe00000, 0x00000007ffc00000| Untracked 
|2012|0x00000007ffe00000, 0x0000000800000000, 0x0000000800000000|100%| O|  |TAMS 0x0000000800000000, 0x00000007ffe00000| Untracked 

Card table byte_map: [0x000001a174530000,0x000001a174d10000] _byte_map_base: 0x000001a170d0d000

Marking Bits (Prev, Next): (CMBitMap*) 0x000001a16c225cc0, (CMBitMap*) 0x000001a16c225c80
 Prev Bits: [0x000001a1793e0000, 0x000001a17d2c8000)
 Next Bits: [0x000001a1754f0000, 0x000001a1793d8000)

Polling page: 0x000001a16a140000

Metaspace:

Usage:
  Non-class:     43.49 MB used.
      Class:      5.35 MB used.
       Both:     48.84 MB used.

Virtual space:
  Non-class space:       48.00 MB reserved,      43.69 MB ( 91%) committed,  6 nodes.
      Class space:        1.00 GB reserved,       5.56 MB ( <1%) committed,  1 nodes.
             Both:        1.05 GB reserved,      49.25 MB (  5%) committed. 

Chunk freelists:
   Non-Class:  3.90 MB
       Class:  2.47 MB
        Both:  6.37 MB

MaxMetaspaceSize: unlimited
CompressedClassSpaceSize: 1.00 GB
Initial GC threshold: 21.00 MB
Current GC threshold: 69.00 MB
CDS: on
MetaspaceReclaimPolicy: balanced
 - commit_granule_bytes: 65536.
 - commit_granule_words: 8192.
 - virtual_space_node_default_size: 1048576.
 - enlarge_chunks_in_place: 1.
 - new_chunks_are_fully_committed: 0.
 - uncommit_free_chunks: 1.
 - use_allocation_guard: 0.
 - handle_deallocations: 1.


Internal statistics:

num_allocs_failed_limit: 6.
num_arena_births: 422.
num_arena_deaths: 2.
num_vsnodes_births: 7.
num_vsnodes_deaths: 0.
num_space_committed: 788.
num_space_uncommitted: 0.
num_chunks_returned_to_freelist: 10.
num_chunks_taken_from_freelist: 2034.
num_chunk_merges: 6.
num_chunk_splits: 1397.
num_chunks_enlarged: 1036.
num_purges: 2.
num_inconsistent_stats: 0.

CodeHeap 'non-profiled nmethods': size=120000Kb used=7460Kb max_used=7460Kb free=112539Kb
 bounds [0x000001a107ad0000, 0x000001a108260000, 0x000001a10f000000]
CodeHeap 'profiled nmethods': size=120000Kb used=18999Kb max_used=19499Kb free=101000Kb
 bounds [0x000001a1005a0000, 0x000001a1018e0000, 0x000001a107ad0000]
CodeHeap 'non-nmethods': size=5760Kb used=1384Kb max_used=1463Kb free=4376Kb
 bounds [0x000001a100000000, 0x000001a100270000, 0x000001a1005a0000]
 total_blobs=9076 nmethods=8451 adapters=537
 compilation: enabled
              stopped_count=0, restarted_count=0
 full_count=0

Compilation events (20 events):
Event: 16.798 Thread 0x000001a10f821ab0 nmethod 10513 0x000001a10103d810 code [0x000001a10103d9c0, 0x000001a10103dc18]
Event: 16.798 Thread 0x000001a10f821ab0 10514       3       java.nio.Buffer::checkIndex (24 bytes)
Event: 16.798 Thread 0x000001a10f821ab0 nmethod 10514 0x000001a10103e410 code [0x000001a10103e5c0, 0x000001a10103e828]
Event: 16.798 Thread 0x000001a10f821ab0 10515   !   3       java.nio.DirectByteBuffer::getInt (28 bytes)
Event: 16.798 Thread 0x000001a10f821ab0 nmethod 10515 0x000001a100be6210 code [0x000001a100be6400, 0x000001a100be6868]
Event: 16.798 Thread 0x000001a10f821ab0 10516   !   3       java.nio.DirectByteBuffer::getInt (36 bytes)
Event: 16.798 Thread 0x000001a10f821ab0 nmethod 10516 0x000001a100ff7090 code [0x000001a100ff72e0, 0x000001a100ff7c78]
Event: 16.798 Thread 0x000001a10f821ab0 10517   !   3       java.nio.DirectByteBuffer::getShort (28 bytes)
Event: 16.799 Thread 0x000001a10f821ab0 nmethod 10517 0x000001a100bed410 code [0x000001a100bed600, 0x000001a100beda88]
Event: 16.800 Thread 0x000001a10f8211b0 nmethod 10510 0x000001a107fde510 code [0x000001a107fde6c0, 0x000001a107fdf2b8]
Event: 16.801 Thread 0x000001a10f8211b0 10512   !   4       jdk.internal.misc.ScopedMemoryAccess::getIntUnalignedInternal (38 bytes)
Event: 16.801 Thread 0x000001a10f8211b0 nmethod 10512 0x000001a107fde210 code [0x000001a107fde380, 0x000001a107fde438]
Event: 16.801 Thread 0x000001a10f8211b0 10511   !   4       jdk.internal.misc.ScopedMemoryAccess::getIntUnaligned (22 bytes)
Event: 16.801 Thread 0x000001a10f8211b0 nmethod 10511 0x000001a107fddf10 code [0x000001a107fde080, 0x000001a107fde138]
Event: 16.816 Thread 0x000001a10f821ab0 10519       3       java.lang.invoke.MethodHandles$Lookup::restrictProtectedReceiver (51 bytes)
Event: 16.816 Thread 0x000001a10f8211b0 10520       4       jdk.internal.org.objectweb.asm.MethodWriter::visitVarInsn (302 bytes)
Event: 16.817 Thread 0x000001a10f821ab0 nmethod 10519 0x000001a1017c5010 code [0x000001a1017c5200, 0x000001a1017c5748]
Event: 16.821 Thread 0x000001a10f8211b0 nmethod 10520 0x000001a108102510 code [0x000001a1081026e0, 0x000001a108102df0]
Event: 16.887 Thread 0x000001a1152c4ad0 nmethod 10423% 0x000001a108248d10 code [0x000001a108249400, 0x000001a108255e68]
Event: 16.972 Thread 0x000001a1152c54f0 nmethod 10491 0x000001a1080dbc90 code [0x000001a1080dc320, 0x000001a1080e6258]

GC Heap History (20 events):
Event: 12.857 GC heap before
{Heap before GC invocations=21 (full 0):
 garbage-first heap   total 116736K, used 63298K [0x0000000704600000, 0x0000000800000000)
  region size 2048K, 3 young (6144K), 2 survivors (4096K)
 Metaspace       used 41989K, committed 42368K, reserved 1089536K
  class space    used 4533K, committed 4736K, reserved 1048576K
}
Event: 12.860 GC heap after
{Heap after GC invocations=22 (full 0):
 garbage-first heap   total 116736K, used 50375K [0x0000000704600000, 0x0000000800000000)
  region size 2048K, 1 young (2048K), 1 survivors (2048K)
 Metaspace       used 41989K, committed 42368K, reserved 1089536K
  class space    used 4533K, committed 4736K, reserved 1048576K
}
Event: 12.868 GC heap before
{Heap before GC invocations=22 (full 0):
 garbage-first heap   total 116736K, used 52423K [0x0000000704600000, 0x0000000800000000)
  region size 2048K, 2 young (4096K), 1 survivors (2048K)
 Metaspace       used 41989K, committed 42368K, reserved 1089536K
  class space    used 4533K, committed 4736K, reserved 1048576K
}
Event: 12.872 GC heap after
{Heap after GC invocations=23 (full 0):
 garbage-first heap   total 147456K, used 47115K [0x0000000704600000, 0x0000000800000000)
  region size 2048K, 1 young (2048K), 1 survivors (2048K)
 Metaspace       used 41989K, committed 42368K, reserved 1089536K
  class space    used 4533K, committed 4736K, reserved 1048576K
}
Event: 13.171 GC heap before
{Heap before GC invocations=23 (full 0):
 garbage-first heap   total 147456K, used 108555K [0x0000000704600000, 0x0000000800000000)
  region size 2048K, 31 young (63488K), 1 survivors (2048K)
 Metaspace       used 42008K, committed 42368K, reserved 1089536K
  class space    used 4533K, committed 4736K, reserved 1048576K
}
Event: 13.175 GC heap after
{Heap after GC invocations=24 (full 0):
 garbage-first heap   total 147456K, used 51431K [0x0000000704600000, 0x0000000800000000)
  region size 2048K, 3 young (6144K), 3 survivors (6144K)
 Metaspace       used 42008K, committed 42368K, reserved 1089536K
  class space    used 4533K, committed 4736K, reserved 1048576K
}
Event: 13.401 GC heap before
{Heap before GC invocations=24 (full 0):
 garbage-first heap   total 147456K, used 110823K [0x0000000704600000, 0x0000000800000000)
  region size 2048K, 32 young (65536K), 3 survivors (6144K)
 Metaspace       used 42011K, committed 42368K, reserved 1089536K
  class space    used 4534K, committed 4736K, reserved 1048576K
}
Event: 13.404 GC heap after
{Heap after GC invocations=25 (full 0):
 garbage-first heap   total 147456K, used 52345K [0x0000000704600000, 0x0000000800000000)
  region size 2048K, 2 young (4096K), 2 survivors (4096K)
 Metaspace       used 42011K, committed 42368K, reserved 1089536K
  class space    used 4534K, committed 4736K, reserved 1048576K
}
Event: 13.647 GC heap before
{Heap before GC invocations=25 (full 0):
 garbage-first heap   total 147456K, used 113785K [0x0000000704600000, 0x0000000800000000)
  region size 2048K, 32 young (65536K), 2 survivors (4096K)
 Metaspace       used 42015K, committed 42368K, reserved 1089536K
  class space    used 4534K, committed 4736K, reserved 1048576K
}
Event: 13.650 GC heap after
{Heap after GC invocations=26 (full 0):
 garbage-first heap   total 147456K, used 53626K [0x0000000704600000, 0x0000000800000000)
  region size 2048K, 3 young (6144K), 3 survivors (6144K)
 Metaspace       used 42015K, committed 42368K, reserved 1089536K
  class space    used 4534K, committed 4736K, reserved 1048576K
}
Event: 13.895 GC heap before
{Heap before GC invocations=26 (full 0):
 garbage-first heap   total 147456K, used 113018K [0x0000000704600000, 0x0000000800000000)
  region size 2048K, 32 young (65536K), 3 survivors (6144K)
 Metaspace       used 42015K, committed 42368K, reserved 1089536K
  class space    used 4534K, committed 4736K, reserved 1048576K
}
Event: 13.898 GC heap after
{Heap after GC invocations=27 (full 0):
 garbage-first heap   total 276480K, used 54158K [0x0000000704600000, 0x0000000800000000)
  region size 2048K, 3 young (6144K), 3 survivors (6144K)
 Metaspace       used 42015K, committed 42368K, reserved 1089536K
  class space    used 4534K, committed 4736K, reserved 1048576K
}
Event: 14.559 GC heap before
{Heap before GC invocations=27 (full 0):
 garbage-first heap   total 276480K, used 213902K [0x0000000704600000, 0x0000000800000000)
  region size 2048K, 81 young (165888K), 3 survivors (6144K)
 Metaspace       used 42059K, committed 42496K, reserved 1089536K
  class space    used 4536K, committed 4736K, reserved 1048576K
}
Event: 14.563 GC heap after
{Heap after GC invocations=28 (full 0):
 garbage-first heap   total 276480K, used 57736K [0x0000000704600000, 0x0000000800000000)
  region size 2048K, 5 young (10240K), 5 survivors (10240K)
 Metaspace       used 42059K, committed 42496K, reserved 1089536K
  class space    used 4536K, committed 4736K, reserved 1048576K
}
Event: 15.112 GC heap before
{Heap before GC invocations=28 (full 0):
 garbage-first heap   total 276480K, used 213384K [0x0000000704600000, 0x0000000800000000)
  region size 2048K, 81 young (165888K), 5 survivors (10240K)
 Metaspace       used 42088K, committed 42496K, reserved 1089536K
  class space    used 4536K, committed 4736K, reserved 1048576K
}
Event: 15.115 GC heap after
{Heap after GC invocations=29 (full 0):
 garbage-first heap   total 276480K, used 58848K [0x0000000704600000, 0x0000000800000000)
  region size 2048K, 5 young (10240K), 5 survivors (10240K)
 Metaspace       used 42088K, committed 42496K, reserved 1089536K
  class space    used 4536K, committed 4736K, reserved 1048576K
}
Event: 15.610 GC heap before
{Heap before GC invocations=29 (full 0):
 garbage-first heap   total 276480K, used 214496K [0x0000000704600000, 0x0000000800000000)
  region size 2048K, 81 young (165888K), 5 survivors (10240K)
 Metaspace       used 42138K, committed 42496K, reserved 1089536K
  class space    used 4542K, committed 4736K, reserved 1048576K
}
Event: 15.614 GC heap after
{Heap after GC invocations=30 (full 0):
 garbage-first heap   total 276480K, used 59549K [0x0000000704600000, 0x0000000800000000)
  region size 2048K, 5 young (10240K), 5 survivors (10240K)
 Metaspace       used 42138K, committed 42496K, reserved 1089536K
  class space    used 4542K, committed 4736K, reserved 1048576K
}
Event: 16.263 GC heap before
{Heap before GC invocations=30 (full 0):
 garbage-first heap   total 276480K, used 215197K [0x0000000704600000, 0x0000000800000000)
  region size 2048K, 81 young (165888K), 5 survivors (10240K)
 Metaspace       used 44496K, committed 44928K, reserved 1089536K
  class space    used 4805K, committed 4992K, reserved 1048576K
}
Event: 16.267 GC heap after
{Heap after GC invocations=31 (full 0):
 garbage-first heap   total 276480K, used 56750K [0x0000000704600000, 0x0000000800000000)
  region size 2048K, 4 young (8192K), 4 survivors (8192K)
 Metaspace       used 44496K, committed 44928K, reserved 1089536K
  class space    used 4805K, committed 4992K, reserved 1048576K
}

Deoptimization events (20 events):
Event: 16.812 Thread 0x000001a116527290 DEOPT PACKING pc=0x000001a10185cf8c sp=0x0000008de54fe310
Event: 16.812 Thread 0x000001a116527290 DEOPT UNPACKING pc=0x000001a100056763 sp=0x0000008de54fd940 mode 1
Event: 16.812 Thread 0x000001a116527290 DEOPT PACKING pc=0x000001a1013f3b14 sp=0x0000008de54fe0a0
Event: 16.812 Thread 0x000001a116527290 DEOPT UNPACKING pc=0x000001a100056763 sp=0x0000008de54fd648 mode 1
Event: 16.812 Thread 0x000001a116527290 DEOPT PACKING pc=0x000001a100ffb194 sp=0x0000008de54fe240
Event: 16.812 Thread 0x000001a116527290 DEOPT UNPACKING pc=0x000001a100056763 sp=0x0000008de54fd8b8 mode 1
Event: 16.812 Thread 0x000001a116527290 DEOPT PACKING pc=0x000001a1006ef2f4 sp=0x0000008de54fab70
Event: 16.812 Thread 0x000001a116527290 DEOPT UNPACKING pc=0x000001a100056763 sp=0x0000008de54fa008 mode 1
Event: 16.812 Thread 0x000001a116527290 DEOPT PACKING pc=0x000001a100d4f5dc sp=0x0000008de54fac40
Event: 16.812 Thread 0x000001a116527290 DEOPT UNPACKING pc=0x000001a100056763 sp=0x0000008de54fa0e8 mode 1
Event: 16.812 Thread 0x000001a116527290 DEOPT PACKING pc=0x000001a10185cf8c sp=0x0000008de54fac90
Event: 16.812 Thread 0x000001a116527290 DEOPT UNPACKING pc=0x000001a100056763 sp=0x0000008de54fa2c0 mode 1
Event: 16.813 Thread 0x000001a116527290 DEOPT PACKING pc=0x000001a1013f3b14 sp=0x0000008de54faa20
Event: 16.813 Thread 0x000001a116527290 DEOPT UNPACKING pc=0x000001a100056763 sp=0x0000008de54f9fc8 mode 1
Event: 16.813 Thread 0x000001a116527290 DEOPT PACKING pc=0x000001a100ffb194 sp=0x0000008de54fabc0
Event: 16.813 Thread 0x000001a116527290 DEOPT UNPACKING pc=0x000001a100056763 sp=0x0000008de54fa238 mode 1
Event: 27.349 Thread 0x000001a10f9b85d0 Uncommon trap: trap_request=0xffffff45 fr.pc=0x000001a107f2e84c relative=0x00000000000002ac
Event: 27.349 Thread 0x000001a10f9b85d0 Uncommon trap: reason=unstable_if action=reinterpret pc=0x000001a107f2e84c method=sun.instrument.InstrumentationImpl.transform(Ljava/lang/Module;Ljava/lang/ClassLoader;Ljava/lang/String;Ljava/lang/Class;Ljava/security/ProtectionDomain;[BZ)[B @ 24 c2
Event: 27.349 Thread 0x000001a10f9b85d0 DEOPT PACKING pc=0x000001a107f2e84c sp=0x0000008de38fe420
Event: 27.349 Thread 0x000001a10f9b85d0 DEOPT UNPACKING pc=0x000001a100055c23 sp=0x0000008de38fe478 mode 2

Classes unloaded (2 events):
Event: 12.667 Thread 0x000001a17fd11030 Unloading class 0x0000000801004000 'org/apache/logging/log4j/core/config/plugins/processor/PluginCache'
Event: 12.667 Thread 0x000001a17fd11030 Unloading class 0x0000000800f9cc00 'org/apache/logging/log4j/core/config/plugins/processor/PluginProcessor'

Classes redefined (1 events):
Event: 27.360 Thread 0x000001a17fd11030 redefined class name=fi.nls.hakunapi.flatgeobuf.FlatgeobufSource, count=1

Internal exceptions (20 events):
Event: 11.982 Thread 0x000001a16c1d86d0 Exception <a 'sun/nio/fs/WindowsException'{0x000000070d1da8a0}> (0x000000070d1da8a0) 
thrown [t:\workspace\open\src\hotspot\share\prims\jni.cpp, line 516]
Event: 12.004 Thread 0x000001a16c1d86d0 Exception <a 'java/io/FileNotFoundException'{0x000000070cf447b0}> (0x000000070cf447b0) 
thrown [t:\workspace\open\src\hotspot\share\prims\jni.cpp, line 516]
Event: 12.145 Thread 0x000001a16c1d86d0 Exception <a 'java/lang/IncompatibleClassChangeError'{0x00000007096b2408}: Found class java.lang.Object, but interface was expected> (0x00000007096b2408) 
thrown [t:\workspace\open\src\hotspot\share\interpreter\linkResolver.cpp, line 833]
Event: 12.186 Thread 0x000001a16c1d86d0 Exception <a 'java/lang/NoSuchMethodError'{0x0000000709465620}: 'void java.lang.invoke.DirectMethodHandle$Holder.invokeStatic(java.lang.Object, java.lang.Object, java.lang.Object)'> (0x0000000709465620) 
thrown [t:\workspace\open\src\hotspot\share\interpreter\linkResolver.cpp, line 766]
Event: 12.322 Thread 0x000001a16c1d86d0 Exception <a 'java/lang/ClassNotFoundException'{0x000000070d987400}: sun/util/logging/resources/spi/loggingProvider> (0x000000070d987400) 
thrown [t:\workspace\open\src\hotspot\share\classfile\systemDictionary.cpp, line 256]
Event: 16.188 Thread 0x000001a116527290 Exception <a 'java/lang/NoSuchMethodError'{0x000000070c0e4060}: 'int java.lang.invoke.DirectMethodHandle$Holder.invokeStatic(java.lang.Object, java.lang.Object, int)'> (0x000000070c0e4060) 
thrown [t:\workspace\open\src\hotspot\share\interpreter\linkResolver.cpp, line 766]
Event: 16.193 Thread 0x000001a116527290 Exception <a 'java/lang/NoSuchMethodError'{0x000000070c14ba20}: 'int java.lang.invoke.DirectMethodHandle$Holder.invokeStatic(java.lang.Object)'> (0x000000070c14ba20) 
thrown [t:\workspace\open\src\hotspot\share\interpreter\linkResolver.cpp, line 766]
Event: 16.193 Thread 0x000001a116527290 Exception <a 'java/lang/NoSuchMethodError'{0x000000070c14f178}: 'int java.lang.invoke.DirectMethodHandle$Holder.invokeStaticInit(java.lang.Object)'> (0x000000070c14f178) 
thrown [t:\workspace\open\src\hotspot\share\interpreter\linkResolver.cpp, line 766]
Event: 16.210 Thread 0x000001a116527290 Exception <a 'java/lang/NoSuchMethodError'{0x000000070bf1a020}: 'java.lang.Object java.lang.invoke.DirectMethodHandle$Holder.invokeStatic(java.lang.Object, java.lang.Object, int)'> (0x000000070bf1a020) 
thrown [t:\workspace\open\src\hotspot\share\interpreter\linkResolver.cpp, line 766]
Event: 16.210 Thread 0x000001a116527290 Exception <a 'java/lang/NoSuchMethodError'{0x000000070bf1e108}: 'void java.lang.invoke.DirectMethodHandle$Holder.invokeStatic(java.lang.Object, java.lang.Object, int, java.lang.Object)'> (0x000000070bf1e108) 
thrown [t:\workspace\open\src\hotspot\share\interpreter\linkResolver.cpp, line 766]
Event: 16.210 Thread 0x000001a116527290 Exception <a 'java/lang/NoSuchMethodError'{0x000000070bf256e0}: 'void java.lang.invoke.DelegatingMethodHandle$Holder.delegate(java.lang.Object, java.lang.Object, int, java.lang.Object)'> (0x000000070bf256e0) 
thrown [t:\workspace\open\src\hotspot\share\interpreter\linkResolver.cpp, line 766]
Event: 16.216 Thread 0x000001a116527290 Exception <a 'java/lang/IncompatibleClassChangeError'{0x000000070bfa36b8}: Found class java.lang.Object, but interface was expected> (0x000000070bfa36b8) 
thrown [t:\workspace\open\src\hotspot\share\interpreter\linkResolver.cpp, line 833]
Event: 16.218 Thread 0x000001a116527290 Exception <a 'java/lang/NoSuchMethodError'{0x000000070bfd2368}: 'java.lang.Object java.lang.invoke.DirectMethodHandle$Holder.newInvokeSpecial(java.lang.Object, java.lang.Object, java.lang.Object, int, java.lang.Object)'> (0x000000070bfd2368) 
thrown [t:\workspace\open\src\hotspot\share\interpreter\linkResolver.cpp, line 766]
Event: 16.219 Thread 0x000001a116527290 Exception <a 'java/lang/NoSuchMethodError'{0x000000070bfd9fe0}: 'java.lang.Object java.lang.invoke.Invokers$Holder.linkToTargetMethod(java.lang.Object, java.lang.Object, int, java.lang.Object, java.lang.Object)'> (0x000000070bfd9fe0) 
thrown [t:\workspace\open\src\hotspot\share\interpreter\linkResolver.cpp, line 766]
Event: 16.261 Thread 0x000001a116527290 Exception <a 'java/lang/NoSuchMethodError'{0x000000070b9c49e0}: 'java.lang.Object java.lang.invoke.DirectMethodHandle$Holder.newInvokeSpecial(java.lang.Object, java.lang.Object, java.lang.Object, int, int, java.lang.Object)'> (0x000000070b9c49e0) 
thrown [t:\workspace\open\src\hotspot\share\interpreter\linkResolver.cpp, line 766]
Event: 16.405 Thread 0x000001a116527290 Exception <a 'java/lang/NoSuchMethodError'{0x0000000713628968}: 'java.lang.Object java.lang.invoke.DirectMethodHandle$Holder.newInvokeSpecial(java.lang.Object, long, int, java.lang.Object)'> (0x0000000713628968) 
thrown [t:\workspace\open\src\hotspot\share\interpreter\linkResolver.cpp, line 766]
Event: 16.417 Thread 0x000001a116527290 Exception <a 'java/lang/NoSuchMethodError'{0x00000007137c82d8}: 'void java.lang.invoke.DirectMethodHandle$Holder.invokeStaticInit(java.lang.Object, java.lang.Object, java.lang.Object, java.lang.Object)'> (0x00000007137c82d8) 
thrown [t:\workspace\open\src\hotspot\share\interpreter\linkResolver.cpp, line 766]
Event: 16.786 Thread 0x000001a116527290 Exception <a 'java/lang/NoSuchMethodError'{0x0000000710439940}: 'java.lang.Object java.lang.invoke.Invokers$Holder.invoke_MT(java.lang.Object, java.lang.Object, java.lang.Object)'> (0x0000000710439940) 
thrown [t:\workspace\open\src\hotspot\share\interpreter\linkResolver.cpp, line 766]
Event: 16.807 Thread 0x000001a116527290 Exception <a 'java/lang/NoSuchMethodError'{0x0000000710231790}: 'void java.lang.invoke.DirectMethodHandle$Holder.invokeStaticInit(java.lang.Object, java.lang.Object, int, java.lang.Object)'> (0x0000000710231790) 
thrown [t:\workspace\open\src\hotspot\share\interpreter\linkResolver.cpp, line 766]
Event: 16.811 Thread 0x000001a116527290 Exception <a 'java/lang/NoSuchMethodError'{0x00000007102f41d8}: 'void java.lang.invoke.DirectMethodHandle$Holder.invokeStatic(java.lang.Object, java.lang.Object, java.lang.Object, int, java.lang.Object)'> (0x00000007102f41d8) 
thrown [t:\workspace\open\src\hotspot\share\interpreter\linkResolver.cpp, line 766]

VM Operations (20 events):
Event: 27.327 Executing VM operation: ChangeSingleStep done
Event: 27.350 Executing VM operation: RedefineClasses
Event: 27.373 Executing VM operation: RedefineClasses done
Event: 27.383 Executing VM operation: ChangeBreakpoints
Event: 27.385 Executing VM operation: ChangeBreakpoints done
Event: 27.387 Executing VM operation: ChangeSingleStep
Event: 27.387 Executing VM operation: ChangeSingleStep done
Event: 27.387 Executing VM operation: get/set locals
Event: 27.387 Executing VM operation: get/set locals done
Event: 27.388 Executing VM operation: ChangeSingleStep
Event: 27.388 Executing VM operation: ChangeSingleStep done
Event: 27.389 Executing VM operation: GetObjectMonitorUsage
Event: 27.389 Executing VM operation: GetObjectMonitorUsage done
Event: 27.389 Executing VM operation: GetObjectMonitorUsage
Event: 27.389 Executing VM operation: GetObjectMonitorUsage done
Event: 27.391 Executing VM operation: GetObjectMonitorUsage
Event: 27.391 Executing VM operation: GetObjectMonitorUsage done
Event: 27.392 Executing VM operation: GetObjectMonitorUsage
Event: 27.392 Executing VM operation: GetObjectMonitorUsage done
Event: 27.447 Executing VM operation: get/set locals

Events (20 events):
Event: 16.785 loading class java/util/stream/ReferencePipeline$4$1
Event: 16.785 loading class java/util/stream/ReferencePipeline$4$1 done
Event: 16.785 loading class java/util/stream/IntPipeline$1$1
Event: 16.785 loading class java/util/stream/IntPipeline$1$1 done
Event: 16.786 loading class java/nio/channels/FileChannel$MapMode
Event: 16.786 loading class java/nio/channels/FileChannel$MapMode done
Event: 16.786 loading class jdk/internal/misc/ExtendedMapMode
Event: 16.786 loading class jdk/internal/misc/ExtendedMapMode done
Event: 16.787 loading class sun/nio/ch/FileChannelImpl$DefaultUnmapper
Event: 16.787 loading class sun/nio/ch/FileChannelImpl$Unmapper
Event: 16.787 loading class jdk/internal/access/foreign/UnmapperProxy
Event: 16.787 loading class jdk/internal/access/foreign/UnmapperProxy done
Event: 16.787 loading class sun/nio/ch/FileChannelImpl$Unmapper done
Event: 16.787 loading class sun/nio/ch/FileChannelImpl$DefaultUnmapper done
Event: 16.787 loading class sun/nio/ch/Util$4
Event: 16.787 loading class sun/nio/ch/Util$4 done
Event: 16.813 loading class java/util/Spliterators$IntArraySpliterator
Event: 16.813 loading class java/util/Spliterators$IntArraySpliterator done
Event: 21.982 Thread 0x000001a1152c54f0 Thread exited: 0x000001a1152c54f0
Event: 26.891 Thread 0x000001a1152c4ad0 Thread exited: 0x000001a1152c4ad0


Dynamic libraries:
0x00007ff7bc7f0000 - 0x00007ff7bc7fe000 	C:\janne\jdk-17.0.2\bin\javaw.exe
0x00007ffd21020000 - 0x00007ffd21289000 	C:\WINDOWS\SYSTEM32\ntdll.dll
0x00007ffd1fc30000 - 0x00007ffd1fcf9000 	C:\WINDOWS\System32\KERNEL32.DLL
0x00007ffd1e800000 - 0x00007ffd1ebf3000 	C:\WINDOWS\System32\KERNELBASE.dll
0x00007ffd1e5d0000 - 0x00007ffd1e71b000 	C:\WINDOWS\System32\ucrtbase.dll
0x00007ffd0b5f0000 - 0x00007ffd0b60a000 	C:\janne\jdk-17.0.2\bin\VCRUNTIME140.dll
0x00007ffd1a9c0000 - 0x00007ffd1a9d8000 	C:\janne\jdk-17.0.2\bin\jli.dll
0x00007ffd20520000 - 0x00007ffd206e4000 	C:\WINDOWS\System32\USER32.dll
0x00007ffd1e720000 - 0x00007ffd1e747000 	C:\WINDOWS\System32\win32u.dll
0x00007ffcec170000 - 0x00007ffcec403000 	C:\WINDOWS\WinSxS\amd64_microsoft.windows.common-controls_6595b64144ccf1df_6.0.26100.5074_none_3e0d6f78e32fd63f\COMCTL32.dll
0x00007ffd1ef10000 - 0x00007ffd1ef3b000 	C:\WINDOWS\System32\GDI32.dll
0x00007ffd1ec00000 - 0x00007ffd1ed2d000 	C:\WINDOWS\System32\gdi32full.dll
0x00007ffd1fb80000 - 0x00007ffd1fc29000 	C:\WINDOWS\System32\msvcrt.dll
0x00007ffd1e750000 - 0x00007ffd1e7f3000 	C:\WINDOWS\System32\msvcp_win.dll
0x00007ffd1fb40000 - 0x00007ffd1fb6f000 	C:\WINDOWS\System32\IMM32.DLL
0x00007ffd1aa30000 - 0x00007ffd1aa3c000 	C:\janne\jdk-17.0.2\bin\vcruntime140_1.dll
0x00007ffd088a0000 - 0x00007ffd0892d000 	C:\janne\jdk-17.0.2\bin\msvcp140.dll
0x00007ffcc7be0000 - 0x00007ffcc87a1000 	C:\janne\jdk-17.0.2\bin\server\jvm.dll
0x00007ffd206f0000 - 0x00007ffd207a4000 	C:\WINDOWS\System32\ADVAPI32.dll
0x00007ffd1ef40000 - 0x00007ffd1efe6000 	C:\WINDOWS\System32\sechost.dll
0x00007ffd1edf0000 - 0x00007ffd1ef08000 	C:\WINDOWS\System32\RPCRT4.dll
0x00007ffd1eff0000 - 0x00007ffd1eff8000 	C:\WINDOWS\System32\PSAPI.DLL
0x00007ffd181c0000 - 0x00007ffd181ca000 	C:\WINDOWS\SYSTEM32\WSOCK32.dll
0x00007ffd14e20000 - 0x00007ffd14e55000 	C:\WINDOWS\SYSTEM32\WINMM.dll
0x00007ffd1f830000 - 0x00007ffd1f8a4000 	C:\WINDOWS\System32\WS2_32.dll
0x00007ffd14d50000 - 0x00007ffd14d5b000 	C:\WINDOWS\SYSTEM32\VERSION.dll
0x00007ffd1ce20000 - 0x00007ffd1ce3b000 	C:\WINDOWS\SYSTEM32\kernel.appcore.dll
0x00007ffd18930000 - 0x00007ffd1893a000 	C:\janne\jdk-17.0.2\bin\jimage.dll
0x00007ffd1b4e0000 - 0x00007ffd1b722000 	C:\WINDOWS\SYSTEM32\DBGHELP.DLL
0x00007ffd1ff00000 - 0x00007ffd2027b000 	C:\WINDOWS\System32\combase.dll
0x00007ffd1f930000 - 0x00007ffd1fa07000 	C:\WINDOWS\System32\OLEAUT32.dll
0x00007ffce2450000 - 0x00007ffce248d000 	C:\WINDOWS\SYSTEM32\dbgcore.DLL
0x00007ffd1e330000 - 0x00007ffd1e3c9000 	C:\WINDOWS\System32\bcryptPrimitives.dll
0x00007ffd09b60000 - 0x00007ffd09b9b000 	C:\janne\jdk-17.0.2\bin\jdwp.dll
0x00007ffd18180000 - 0x00007ffd1818e000 	C:\janne\jdk-17.0.2\bin\instrument.dll
0x00007ffd099f0000 - 0x00007ffd09a15000 	C:\janne\jdk-17.0.2\bin\java.dll
0x00007ffcf13f0000 - 0x00007ffcf14c6000 	C:\janne\jdk-17.0.2\bin\jsvml.dll
0x00007ffd207b0000 - 0x00007ffd20efd000 	C:\WINDOWS\System32\SHELL32.dll
0x00007ffd1e3d0000 - 0x00007ffd1e53c000 	C:\WINDOWS\System32\wintypes.dll
0x00007ffd1ba90000 - 0x00007ffd1c2e9000 	C:\WINDOWS\SYSTEM32\windows.storage.dll
0x00007ffd1fa10000 - 0x00007ffd1fb00000 	C:\WINDOWS\System32\SHCORE.dll
0x00007ffd1f7c0000 - 0x00007ffd1f822000 	C:\WINDOWS\System32\shlwapi.dll
0x00007ffd1e0d0000 - 0x00007ffd1e0f9000 	C:\WINDOWS\SYSTEM32\profapi.dll
0x00007ffd18170000 - 0x00007ffd1817c000 	C:\janne\jdk-17.0.2\bin\dt_socket.dll
0x00007ffd1c610000 - 0x00007ffd1c644000 	C:\WINDOWS\SYSTEM32\IPHLPAPI.DLL
0x00007ffd1d4b0000 - 0x00007ffd1d51b000 	C:\WINDOWS\system32\mswsock.dll
0x00007ffd1c6a0000 - 0x00007ffd1c7c6000 	C:\WINDOWS\SYSTEM32\DNSAPI.dll
0x00007ffd20f50000 - 0x00007ffd20f5a000 	C:\WINDOWS\System32\NSI.dll
0x00007ffd0f480000 - 0x00007ffd0f48b000 	C:\Windows\System32\rasadhlp.dll
0x00007ffd17210000 - 0x00007ffd17296000 	C:\WINDOWS\System32\fwpuclnt.dll
0x00007ffd09a40000 - 0x00007ffd09a58000 	C:\janne\jdk-17.0.2\bin\zip.dll
0x00007ffd09c40000 - 0x00007ffd09c59000 	C:\janne\jdk-17.0.2\bin\net.dll
0x00007ffd1ce40000 - 0x00007ffd1cf5f000 	C:\WINDOWS\SYSTEM32\WINHTTP.dll
0x00007ffd09bf0000 - 0x00007ffd09c06000 	C:\janne\jdk-17.0.2\bin\nio.dll
0x00007ffd18880000 - 0x00007ffd18890000 	C:\janne\jdk-17.0.2\bin\verify.dll
0x00007ffd1d880000 - 0x00007ffd1d89b000 	C:\WINDOWS\SYSTEM32\CRYPTSP.dll
0x00007ffd1cd80000 - 0x00007ffd1cdbb000 	C:\WINDOWS\system32\rsaenh.dll
0x00007ffd1d550000 - 0x00007ffd1d57b000 	C:\WINDOWS\SYSTEM32\USERENV.dll
0x00007ffd1e0a0000 - 0x00007ffd1e0c6000 	C:\WINDOWS\SYSTEM32\bcrypt.dll
0x00007ffd1d6e0000 - 0x00007ffd1d6ec000 	C:\WINDOWS\SYSTEM32\CRYPTBASE.dll
0x00007ffd16900000 - 0x00007ffd1691e000 	C:\WINDOWS\SYSTEM32\dhcpcsvc6.DLL
0x00007ffd168d0000 - 0x00007ffd168f3000 	C:\WINDOWS\SYSTEM32\dhcpcsvc.DLL
0x00007ffd08e30000 - 0x00007ffd08e3a000 	C:\Users\JanneHeikkilä\AppData\Local\Temp\jansi-1.17.1-16561281665203220948.dll
0x00007ffd08e20000 - 0x00007ffd08e2a000 	C:\Users\JanneHeikkilä\AppData\Local\Temp\jansi-1.17.1-10103960199667798220.dll
0x00007ffd09d40000 - 0x00007ffd09d4e000 	C:\janne\jdk-17.0.2\bin\sunmscapi.dll
0x00007ffd1e1b0000 - 0x00007ffd1e327000 	C:\WINDOWS\System32\CRYPT32.dll
0x00007ffd1d9d0000 - 0x00007ffd1da00000 	C:\WINDOWS\SYSTEM32\ncrypt.dll
0x00007ffd1d980000 - 0x00007ffd1d9bf000 	C:\WINDOWS\SYSTEM32\NTASN1.dll
0x00007ffd099a0000 - 0x00007ffd099a9000 	C:\janne\jdk-17.0.2\bin\management.dll
0x00007ffd090f0000 - 0x00007ffd090fb000 	C:\janne\jdk-17.0.2\bin\management_ext.dll
0x00007ffce1710000 - 0x00007ffce1728000 	C:\WINDOWS\system32\napinsp.dll
0x00007ffcd6570000 - 0x00007ffcd6582000 	C:\WINDOWS\System32\winrnr.dll
0x00007ffcd1140000 - 0x00007ffcd1168000 	C:\WINDOWS\system32\nlansp_c.dll
0x00007ffcd9010000 - 0x00007ffcd9026000 	C:\WINDOWS\system32\wshbth.dll

dbghelp: loaded successfully - version: 4.0.5 - missing functions: none
symbol engine: initialized successfully - sym options: 0x614 - pdb path: .;C:\janne\jdk-17.0.2\bin;C:\WINDOWS\SYSTEM32;C:\WINDOWS\WinSxS\amd64_microsoft.windows.common-controls_6595b64144ccf1df_6.0.26100.5074_none_3e0d6f78e32fd63f;C:\janne\jdk-17.0.2\bin\server;C:\Users\JanneHeikkilä\AppData\Local\Temp

VM Arguments:
jvm_args: -XX:+ShowCodeDetailsInExceptionMessages -agentlib:jdwp=transport=dt_socket,suspend=y,address=localhost:59017 -Dmaven.home=EMBEDDED -Dclassworlds.conf=C:\janne\workspace\.metadata\.plugins\org.eclipse.m2e.launching\launches\m2conf5119197432929792997.tmp -Dm2e.workspace.state=C:\janne\workspace\.metadata\.plugins\org.eclipse.m2e.core\workspacestate.properties -Dmaven.multiModuleProjectDirectory=C:\git\hakunapi\webapp-javax -Dfeatures.hakuna.config.path=C:/janne/hakuna/fgb.properties -javaagent:C:\eclipse\configuration\org.eclipse.osgi\418\0\.cp\lib\javaagent-shaded.jar -Dfile.encoding=Cp1252 
java_command: org.codehaus.plexus.classworlds.launcher.Launcher -B -U -Dmaven.test.skip=true -DskipTests -s C:\janne\m2\settings.xml clean tomcat7:run
java_class_path (initial): C:\eclipse\plugins\org.eclipse.m2e.maven.runtime_1.18.1.20211011-2139\jars\plexus-classworlds-2.6.0.jar
Launcher Type: SUN_STANDARD

[Global flags]
     intx CICompilerCount                          = 4                                         {product} {ergonomic}
     uint ConcGCThreads                            = 2                                         {product} {ergonomic}
     uint G1ConcRefinementThreads                  = 8                                         {product} {ergonomic}
   size_t G1HeapRegionSize                         = 2097152                                   {product} {ergonomic}
    uintx GCDrainStackTargetSize                   = 64                                        {product} {ergonomic}
   size_t InitialHeapSize                          = 264241152                                 {product} {ergonomic}
   size_t MarkStackSize                            = 4194304                                   {product} {ergonomic}
   size_t MaxHeapSize                              = 4221566976                                {product} {ergonomic}
   size_t MaxNewSize                               = 2531262464                                {product} {ergonomic}
   size_t MinHeapDeltaBytes                        = 2097152                                   {product} {ergonomic}
   size_t MinHeapSize                              = 8388608                                   {product} {ergonomic}
    uintx NonNMethodCodeHeapSize                   = 5839372                                {pd product} {ergonomic}
    uintx NonProfiledCodeHeapSize                  = 122909434                              {pd product} {ergonomic}
    uintx ProfiledCodeHeapSize                     = 122909434                              {pd product} {ergonomic}
    uintx ReservedCodeCacheSize                    = 251658240                              {pd product} {ergonomic}
     bool SegmentedCodeCache                       = true                                      {product} {ergonomic}
     bool ShowCodeDetailsInExceptionMessages       = true                                   {manageable} {command line}
   size_t SoftMaxHeapSize                          = 4221566976                             {manageable} {ergonomic}
     bool UseCompressedClassPointers               = true                           {product lp64_product} {ergonomic}
     bool UseCompressedOops                        = true                           {product lp64_product} {ergonomic}
     bool UseG1GC                                  = true                                      {product} {ergonomic}
     bool UseLargePagesIndividualAllocation        = false                                  {pd product} {ergonomic}

Logging:
Log output configuration:
 #0: stdout all=warning uptime,level,tags
 #1: stderr all=off uptime,level,tags

Environment Variables:
PATH=C:/eclipse//plugins/org.eclipse.justj.openjdk.hotspot.jre.full.win32.x86_64_17.0.1.v20211116-1657/jre/bin/server;C:/eclipse//plugins/org.eclipse.justj.openjdk.hotspot.jre.full.win32.x86_64_17.0.1.v20211116-1657/jre/bin;C:\Program Files\Eclipse Adoptium\jdk-8.0.322.6-hotspot\bin;C:\WINDOWS\system32;C:\WINDOWS;C:\WINDOWS\System32\Wbem;C:\WINDOWS\System32\WindowsPowerShell\v1.0\;C:\WINDOWS\System32\OpenSSH\;C:\Program Files (x86)\Pulse Secure\VC142.CRT\X64\;C:\Program Files (x86)\Pulse Secure\VC142.CRT\X86\;C:\Program Files\Git\cmd;C:\Program Files\dotnet\;C:\Program Files (x86)\Microsoft SQL Server\160\Tools\Binn\;C:\Program Files\Microsoft SQL Server\160\Tools\Binn\;C:\Program Files\Microsoft SQL Server\Client SDK\ODBC\170\Tools\Binn\;C:\Program Files\Microsoft SQL Server\160\DTS\Binn\;C:\Program Files (x86)\Common Files\Pulse Secure\TNC Client Plugin\;C:\Users\JanneHeikkil„\AppData\Local\Microsoft\WindowsApps;;C:\Program Files\JetBrains\IntelliJ IDEA Community Edition 2021.3.1\bin;;C:\Users\JanneHeikkil„\.dotnet\tools;C:\janne\Microsoft VS Code\bin;C:\eclipse;
USERNAME=JanneHeikkil„
OS=Windows_NT
PROCESSOR_IDENTIFIER=Intel64 Family 6 Model 140 Stepping 1, GenuineIntel



---------------  S Y S T E M  ---------------

OS:
 Windows 11 , 64 bit Build 26100 (10.0.26100.5074)
OS uptime: 9 days 23:23 hours
Hyper-V role detected

CPU: total 8 (initial active 8) (4 cores per cpu, 2 threads per core) family 6 model 140 stepping 1 microcode 0xbc, cx8, cmov, fxsr, ht, mmx, 3dnowpref, sse, sse2, sse3, ssse3, sse4.1, sse4.2, popcnt, lzcnt, tsc, tscinvbit, avx, avx2, aes, erms, clmul, bmi1, bmi2, adx, avx512f, avx512dq, avx512cd, avx512bw, avx512vl, sha, fma, vzeroupper, avx512_vpopcntdq, avx512_vpclmulqdq, avx512_vaes, avx512_vnni, clflush, clflushopt, clwb, avx512_vbmi2, avx512_vbmi, hv

Memory: 4k page, system-wide physical 16103M (5812M free)
TotalPageFile size 25831M (AvailPageFile size 13299M)
current process WorkingSet (physical memory assigned to process): 508M, peak: 603M
current process commit charge ("private bytes"): 551M, peak: 636M

vm_info: OpenJDK 64-Bit Server VM (17.0.2+8-86) for windows-amd64 JRE (17.0.2+8-86), built on Dec  7 2021 21:49:10 by "mach5one" with MS VC++ 16.8 / 16.9 (VS2019)

END.
